./.stack-work/ghci/4a560dbe/cabal_macros.h:1: MINOR:C-G1
./.stack-work/ghci/4a560dbe/cabal_macros.h:1: MAJOR:C-H2
./.stack-work/ghci/4a560dbe/cabal_macros.h:5: MINOR:C-G3
./.stack-work/ghci/4a560dbe/cabal_macros.h:8: MINOR:C-G3
./.stack-work/ghci/4a560dbe/cabal_macros.h:8: MINOR:C-G6
./.stack-work/ghci/4a560dbe/cabal_macros.h:8: MAJOR:C-H3
./.stack-work/ghci/4a560dbe/cabal_macros.h:8: MINOR:C-L3
./.stack-work/ghci/4a560dbe/cabal_macros.h:9: MINOR:C-G6
./.stack-work/ghci/4a560dbe/cabal_macros.h:9: MINOR:C-L2
./.stack-work/ghci/4a560dbe/cabal_macros.h:9: MINOR:C-L3
./.stack-work/ghci/4a560dbe/cabal_macros.h:10: MINOR:C-G6
./.stack-work/ghci/4a560dbe/cabal_macros.h:10: MINOR:C-L2
./.stack-work/ghci/4a560dbe/cabal_macros.h:10: MINOR:C-L3
./.stack-work/ghci/4a560dbe/cabal_macros.h:11: MINOR:C-L2
./.stack-work/ghci/4a560dbe/cabal_macros.h:15: MINOR:C-G3
./.stack-work/ghci/4a560dbe/cabal_macros.h:18: MINOR:C-G3
./.stack-work/ghci/4a560dbe/cabal_macros.h:18: MINOR:C-G6
./.stack-work/ghci/4a560dbe/cabal_macros.h:18: MAJOR:C-H3
./.stack-work/ghci/4a560dbe/cabal_macros.h:18: MINOR:C-L3
./.stack-work/ghci/4a560dbe/cabal_macros.h:19: MINOR:C-G6
./.stack-work/ghci/4a560dbe/cabal_macros.h:19: MINOR:C-L2
./.stack-work/ghci/4a560dbe/cabal_macros.h:19: MINOR:C-L3
./.stack-work/ghci/4a560dbe/cabal_macros.h:20: MINOR:C-G6
./.stack-work/ghci/4a560dbe/cabal_macros.h:20: MINOR:C-L2
./.stack-work/ghci/4a560dbe/cabal_macros.h:20: MINOR:C-L3
./.stack-work/ghci/4a560dbe/cabal_macros.h:21: MINOR:C-L2
./.stack-work/ghci/4a560dbe/cabal_macros.h:25: MINOR:C-G3
./.stack-work/ghci/4a560dbe/cabal_macros.h:28: MINOR:C-G3
./.stack-work/ghci/4a560dbe/cabal_macros.h:28: MINOR:C-G6
./.stack-work/ghci/4a560dbe/cabal_macros.h:28: MAJOR:C-H3
./.stack-work/ghci/4a560dbe/cabal_macros.h:28: MINOR:C-L3
./.stack-work/ghci/4a560dbe/cabal_macros.h:29: MINOR:C-G6
./.stack-work/ghci/4a560dbe/cabal_macros.h:29: MINOR:C-L2
./.stack-work/ghci/4a560dbe/cabal_macros.h:29: MINOR:C-L3
./.stack-work/ghci/4a560dbe/cabal_macros.h:30: MINOR:C-G6
./.stack-work/ghci/4a560dbe/cabal_macros.h:30: MINOR:C-L2
./.stack-work/ghci/4a560dbe/cabal_macros.h:30: MINOR:C-L3
./.stack-work/ghci/4a560dbe/cabal_macros.h:31: MINOR:C-L2
./.stack-work/ghci/4a560dbe/cabal_macros.h:35: MINOR:C-G3
./.stack-work/ghci/4a560dbe/cabal_macros.h:38: MINOR:C-G3
./.stack-work/ghci/4a560dbe/cabal_macros.h:38: MINOR:C-G6
./.stack-work/ghci/4a560dbe/cabal_macros.h:38: MAJOR:C-H3
./.stack-work/ghci/4a560dbe/cabal_macros.h:38: MINOR:C-L3
./.stack-work/ghci/4a560dbe/cabal_macros.h:39: MINOR:C-G6
./.stack-work/ghci/4a560dbe/cabal_macros.h:39: MINOR:C-L2
./.stack-work/ghci/4a560dbe/cabal_macros.h:39: MINOR:C-L3
./.stack-work/ghci/4a560dbe/cabal_macros.h:40: MINOR:C-G6
./.stack-work/ghci/4a560dbe/cabal_macros.h:40: MINOR:C-L2
./.stack-work/ghci/4a560dbe/cabal_macros.h:40: MINOR:C-L3
./.stack-work/ghci/4a560dbe/cabal_macros.h:41: MINOR:C-L2
./.stack-work/ghci/4a560dbe/cabal_macros.h:45: MINOR:C-G3
./.stack-work/ghci/4a560dbe/cabal_macros.h:48: MINOR:C-G3
./.stack-work/ghci/4a560dbe/cabal_macros.h:48: MINOR:C-G6
./.stack-work/ghci/4a560dbe/cabal_macros.h:48: MAJOR:C-H3
./.stack-work/ghci/4a560dbe/cabal_macros.h:48: MINOR:C-L3
./.stack-work/ghci/4a560dbe/cabal_macros.h:49: MINOR:C-G6
./.stack-work/ghci/4a560dbe/cabal_macros.h:49: MINOR:C-L2
./.stack-work/ghci/4a560dbe/cabal_macros.h:49: MINOR:C-L3
./.stack-work/ghci/4a560dbe/cabal_macros.h:50: MINOR:C-G6
./.stack-work/ghci/4a560dbe/cabal_macros.h:50: MINOR:C-L2
./.stack-work/ghci/4a560dbe/cabal_macros.h:50: MINOR:C-L3
./.stack-work/ghci/4a560dbe/cabal_macros.h:51: MINOR:C-L2
./.stack-work/ghci/4a560dbe/cabal_macros.h:56: MINOR:C-G3
./.stack-work/ghci/4a560dbe/cabal_macros.h:59: MINOR:C-G3
./.stack-work/ghci/4a560dbe/cabal_macros.h:59: MINOR:C-G6
./.stack-work/ghci/4a560dbe/cabal_macros.h:59: MAJOR:C-H3
./.stack-work/ghci/4a560dbe/cabal_macros.h:59: MINOR:C-L3
./.stack-work/ghci/4a560dbe/cabal_macros.h:60: MINOR:C-G6
./.stack-work/ghci/4a560dbe/cabal_macros.h:60: MINOR:C-L2
./.stack-work/ghci/4a560dbe/cabal_macros.h:60: MINOR:C-L3
./.stack-work/ghci/4a560dbe/cabal_macros.h:61: MINOR:C-G6
./.stack-work/ghci/4a560dbe/cabal_macros.h:61: MINOR:C-L2
./.stack-work/ghci/4a560dbe/cabal_macros.h:61: MINOR:C-L3
./.stack-work/ghci/4a560dbe/cabal_macros.h:62: MINOR:C-L2
./.stack-work/ghci/4a560dbe/cabal_macros.h:66: MINOR:C-G3
./.stack-work/ghci/4a560dbe/cabal_macros.h:69: MINOR:C-G3
./.stack-work/ghci/4a560dbe/cabal_macros.h:69: MINOR:C-G6
./.stack-work/ghci/4a560dbe/cabal_macros.h:69: MAJOR:C-H3
./.stack-work/ghci/4a560dbe/cabal_macros.h:69: MINOR:C-L3
./.stack-work/ghci/4a560dbe/cabal_macros.h:70: MINOR:C-G6
./.stack-work/ghci/4a560dbe/cabal_macros.h:70: MINOR:C-L2
./.stack-work/ghci/4a560dbe/cabal_macros.h:70: MINOR:C-L3
./.stack-work/ghci/4a560dbe/cabal_macros.h:71: MINOR:C-G6
./.stack-work/ghci/4a560dbe/cabal_macros.h:71: MINOR:C-L2
./.stack-work/ghci/4a560dbe/cabal_macros.h:71: MINOR:C-L3
./.stack-work/ghci/4a560dbe/cabal_macros.h:72: MINOR:C-L2
./.stack-work/ghci/4a560dbe/cabal_macros.h:76: MINOR:C-G3
./.stack-work/ghci/4a560dbe/cabal_macros.h:79: MINOR:C-G3
./.stack-work/ghci/4a560dbe/cabal_macros.h:79: MINOR:C-G6
./.stack-work/ghci/4a560dbe/cabal_macros.h:79: MAJOR:C-H3
./.stack-work/ghci/4a560dbe/cabal_macros.h:79: MINOR:C-L3
./.stack-work/ghci/4a560dbe/cabal_macros.h:80: MINOR:C-G6
./.stack-work/ghci/4a560dbe/cabal_macros.h:80: MINOR:C-L2
./.stack-work/ghci/4a560dbe/cabal_macros.h:80: MINOR:C-L3
./.stack-work/ghci/4a560dbe/cabal_macros.h:81: MINOR:C-G6
./.stack-work/ghci/4a560dbe/cabal_macros.h:81: MINOR:C-L2
./.stack-work/ghci/4a560dbe/cabal_macros.h:81: MINOR:C-L3
./.stack-work/ghci/4a560dbe/cabal_macros.h:82: MINOR:C-L2
./.stack-work/ghci/4a560dbe/cabal_macros.h:86: MINOR:C-G3
./.stack-work/ghci/4a560dbe/cabal_macros.h:89: MINOR:C-G3
./.stack-work/ghci/4a560dbe/cabal_macros.h:89: MINOR:C-G6
./.stack-work/ghci/4a560dbe/cabal_macros.h:89: MAJOR:C-H3
./.stack-work/ghci/4a560dbe/cabal_macros.h:89: MINOR:C-L3
./.stack-work/ghci/4a560dbe/cabal_macros.h:90: MINOR:C-G6
./.stack-work/ghci/4a560dbe/cabal_macros.h:90: MINOR:C-L2
./.stack-work/ghci/4a560dbe/cabal_macros.h:90: MINOR:C-L3
./.stack-work/ghci/4a560dbe/cabal_macros.h:91: MINOR:C-G6
./.stack-work/ghci/4a560dbe/cabal_macros.h:91: MINOR:C-L2
./.stack-work/ghci/4a560dbe/cabal_macros.h:91: MINOR:C-L3
./.stack-work/ghci/4a560dbe/cabal_macros.h:92: MINOR:C-L2
./.stack-work/ghci/4a560dbe/cabal_macros.h:96: MINOR:C-G3
./.stack-work/ghci/4a560dbe/cabal_macros.h:99: MINOR:C-G3
./.stack-work/ghci/4a560dbe/cabal_macros.h:99: MINOR:C-G6
./.stack-work/ghci/4a560dbe/cabal_macros.h:99: MAJOR:C-H3
./.stack-work/ghci/4a560dbe/cabal_macros.h:99: MINOR:C-L3
./.stack-work/ghci/4a560dbe/cabal_macros.h:100: MINOR:C-G6
./.stack-work/ghci/4a560dbe/cabal_macros.h:100: MINOR:C-L2
./.stack-work/ghci/4a560dbe/cabal_macros.h:100: MINOR:C-L3
./.stack-work/ghci/4a560dbe/cabal_macros.h:101: MINOR:C-G6
./.stack-work/ghci/4a560dbe/cabal_macros.h:101: MINOR:C-L2
./.stack-work/ghci/4a560dbe/cabal_macros.h:101: MINOR:C-L3
./.stack-work/ghci/4a560dbe/cabal_macros.h:102: MINOR:C-L2
./.stack-work/ghci/4a560dbe/cabal_macros.h:106: MINOR:C-G3
./.stack-work/ghci/4a560dbe/cabal_macros.h:109: MINOR:C-G3
./.stack-work/ghci/4a560dbe/cabal_macros.h:109: MINOR:C-G6
./.stack-work/ghci/4a560dbe/cabal_macros.h:109: MAJOR:C-H3
./.stack-work/ghci/4a560dbe/cabal_macros.h:109: MINOR:C-L3
./.stack-work/ghci/4a560dbe/cabal_macros.h:110: MINOR:C-G6
./.stack-work/ghci/4a560dbe/cabal_macros.h:110: MINOR:C-L2
./.stack-work/ghci/4a560dbe/cabal_macros.h:110: MINOR:C-L3
./.stack-work/ghci/4a560dbe/cabal_macros.h:111: MINOR:C-G6
./.stack-work/ghci/4a560dbe/cabal_macros.h:111: MINOR:C-L2
./.stack-work/ghci/4a560dbe/cabal_macros.h:111: MINOR:C-L3
./.stack-work/ghci/4a560dbe/cabal_macros.h:112: MINOR:C-L2
./.stack-work/ghci/4a560dbe/cabal_macros.h:116: MINOR:C-G3
./.stack-work/ghci/4a560dbe/cabal_macros.h:119: MINOR:C-G3
./.stack-work/ghci/4a560dbe/cabal_macros.h:119: MINOR:C-G6
./.stack-work/ghci/4a560dbe/cabal_macros.h:119: MAJOR:C-H3
./.stack-work/ghci/4a560dbe/cabal_macros.h:119: MINOR:C-L3
./.stack-work/ghci/4a560dbe/cabal_macros.h:120: MINOR:C-G6
./.stack-work/ghci/4a560dbe/cabal_macros.h:120: MINOR:C-L2
./.stack-work/ghci/4a560dbe/cabal_macros.h:120: MINOR:C-L3
./.stack-work/ghci/4a560dbe/cabal_macros.h:121: MINOR:C-G6
./.stack-work/ghci/4a560dbe/cabal_macros.h:121: MINOR:C-L2
./.stack-work/ghci/4a560dbe/cabal_macros.h:121: MINOR:C-L3
./.stack-work/ghci/4a560dbe/cabal_macros.h:122: MINOR:C-L2
./.stack-work/ghci/4a560dbe/cabal_macros.h:126: MINOR:C-G3
./.stack-work/ghci/4a560dbe/cabal_macros.h:129: MINOR:C-G3
./.stack-work/ghci/4a560dbe/cabal_macros.h:129: MINOR:C-G6
./.stack-work/ghci/4a560dbe/cabal_macros.h:129: MAJOR:C-H3
./.stack-work/ghci/4a560dbe/cabal_macros.h:129: MINOR:C-L3
./.stack-work/ghci/4a560dbe/cabal_macros.h:130: MINOR:C-G6
./.stack-work/ghci/4a560dbe/cabal_macros.h:130: MINOR:C-L2
./.stack-work/ghci/4a560dbe/cabal_macros.h:130: MINOR:C-L3
./.stack-work/ghci/4a560dbe/cabal_macros.h:131: MINOR:C-G6
./.stack-work/ghci/4a560dbe/cabal_macros.h:131: MINOR:C-L2
./.stack-work/ghci/4a560dbe/cabal_macros.h:131: MINOR:C-L3
./.stack-work/ghci/4a560dbe/cabal_macros.h:132: MINOR:C-L2
./.stack-work/ghci/4a560dbe/cabal_macros.h:136: MINOR:C-G3
./.stack-work/ghci/4a560dbe/cabal_macros.h:139: MINOR:C-G3
./.stack-work/ghci/4a560dbe/cabal_macros.h:139: MINOR:C-G6
./.stack-work/ghci/4a560dbe/cabal_macros.h:139: MAJOR:C-H3
./.stack-work/ghci/4a560dbe/cabal_macros.h:139: MINOR:C-L3
./.stack-work/ghci/4a560dbe/cabal_macros.h:140: MINOR:C-G6
./.stack-work/ghci/4a560dbe/cabal_macros.h:140: MINOR:C-L2
./.stack-work/ghci/4a560dbe/cabal_macros.h:140: MINOR:C-L3
./.stack-work/ghci/4a560dbe/cabal_macros.h:141: MINOR:C-G6
./.stack-work/ghci/4a560dbe/cabal_macros.h:141: MINOR:C-L2
./.stack-work/ghci/4a560dbe/cabal_macros.h:141: MINOR:C-L3
./.stack-work/ghci/4a560dbe/cabal_macros.h:142: MINOR:C-L2
./.stack-work/ghci/4a560dbe/cabal_macros.h:146: MINOR:C-G3
./.stack-work/ghci/4a560dbe/cabal_macros.h:149: MINOR:C-G3
./.stack-work/ghci/4a560dbe/cabal_macros.h:149: MINOR:C-G6
./.stack-work/ghci/4a560dbe/cabal_macros.h:149: MAJOR:C-H3
./.stack-work/ghci/4a560dbe/cabal_macros.h:149: MINOR:C-L3
./.stack-work/ghci/4a560dbe/cabal_macros.h:150: MINOR:C-G6
./.stack-work/ghci/4a560dbe/cabal_macros.h:150: MINOR:C-L2
./.stack-work/ghci/4a560dbe/cabal_macros.h:150: MINOR:C-L3
./.stack-work/ghci/4a560dbe/cabal_macros.h:151: MINOR:C-G6
./.stack-work/ghci/4a560dbe/cabal_macros.h:151: MINOR:C-L2
./.stack-work/ghci/4a560dbe/cabal_macros.h:151: MINOR:C-L3
./.stack-work/ghci/4a560dbe/cabal_macros.h:152: MINOR:C-L2
./.stack-work/ghci/4a560dbe/cabal_macros.h:156: MINOR:C-G3
./.stack-work/ghci/4a560dbe/cabal_macros.h:159: MINOR:C-G3
./.stack-work/ghci/4a560dbe/cabal_macros.h:159: MINOR:C-G6
./.stack-work/ghci/4a560dbe/cabal_macros.h:159: MAJOR:C-H3
./.stack-work/ghci/4a560dbe/cabal_macros.h:159: MINOR:C-L3
./.stack-work/ghci/4a560dbe/cabal_macros.h:160: MINOR:C-G6
./.stack-work/ghci/4a560dbe/cabal_macros.h:160: MINOR:C-L2
./.stack-work/ghci/4a560dbe/cabal_macros.h:160: MINOR:C-L3
./.stack-work/ghci/4a560dbe/cabal_macros.h:161: MINOR:C-G6
./.stack-work/ghci/4a560dbe/cabal_macros.h:161: MINOR:C-L2
./.stack-work/ghci/4a560dbe/cabal_macros.h:161: MINOR:C-L3
./.stack-work/ghci/4a560dbe/cabal_macros.h:162: MINOR:C-L2
./.stack-work/ghci/4a560dbe/cabal_macros.h:166: MINOR:C-G3
./.stack-work/ghci/4a560dbe/cabal_macros.h:169: MINOR:C-G3
./.stack-work/ghci/4a560dbe/cabal_macros.h:169: MINOR:C-G6
./.stack-work/ghci/4a560dbe/cabal_macros.h:169: MAJOR:C-H3
./.stack-work/ghci/4a560dbe/cabal_macros.h:169: MINOR:C-L3
./.stack-work/ghci/4a560dbe/cabal_macros.h:170: MINOR:C-G6
./.stack-work/ghci/4a560dbe/cabal_macros.h:170: MINOR:C-L2
./.stack-work/ghci/4a560dbe/cabal_macros.h:170: MINOR:C-L3
./.stack-work/ghci/4a560dbe/cabal_macros.h:171: MINOR:C-G6
./.stack-work/ghci/4a560dbe/cabal_macros.h:171: MINOR:C-L2
./.stack-work/ghci/4a560dbe/cabal_macros.h:171: MINOR:C-L3
./.stack-work/ghci/4a560dbe/cabal_macros.h:172: MINOR:C-L2
./.stack-work/ghci/4a560dbe/cabal_macros.h:176: MAJOR:C-F3
./.stack-work/ghci/4a560dbe/cabal_macros.h:176: MINOR:C-G3
./.stack-work/ghci/4a560dbe/cabal_macros.h:179: MINOR:C-G3
./.stack-work/ghci/56e6cd28/cabal_macros.h:1: MINOR:C-G1
./.stack-work/ghci/56e6cd28/cabal_macros.h:1: MAJOR:C-H2
./.stack-work/ghci/56e6cd28/cabal_macros.h:5: MINOR:C-G3
./.stack-work/ghci/56e6cd28/cabal_macros.h:8: MINOR:C-G3
./.stack-work/ghci/56e6cd28/cabal_macros.h:8: MINOR:C-G6
./.stack-work/ghci/56e6cd28/cabal_macros.h:8: MAJOR:C-H3
./.stack-work/ghci/56e6cd28/cabal_macros.h:8: MINOR:C-L3
./.stack-work/ghci/56e6cd28/cabal_macros.h:9: MINOR:C-G6
./.stack-work/ghci/56e6cd28/cabal_macros.h:9: MINOR:C-L2
./.stack-work/ghci/56e6cd28/cabal_macros.h:9: MINOR:C-L3
./.stack-work/ghci/56e6cd28/cabal_macros.h:10: MINOR:C-G6
./.stack-work/ghci/56e6cd28/cabal_macros.h:10: MINOR:C-L2
./.stack-work/ghci/56e6cd28/cabal_macros.h:10: MINOR:C-L3
./.stack-work/ghci/56e6cd28/cabal_macros.h:11: MINOR:C-L2
./.stack-work/ghci/56e6cd28/cabal_macros.h:15: MINOR:C-G3
./.stack-work/ghci/56e6cd28/cabal_macros.h:18: MINOR:C-G3
./.stack-work/ghci/56e6cd28/cabal_macros.h:18: MINOR:C-G6
./.stack-work/ghci/56e6cd28/cabal_macros.h:18: MAJOR:C-H3
./.stack-work/ghci/56e6cd28/cabal_macros.h:18: MINOR:C-L3
./.stack-work/ghci/56e6cd28/cabal_macros.h:19: MINOR:C-G6
./.stack-work/ghci/56e6cd28/cabal_macros.h:19: MINOR:C-L2
./.stack-work/ghci/56e6cd28/cabal_macros.h:19: MINOR:C-L3
./.stack-work/ghci/56e6cd28/cabal_macros.h:20: MINOR:C-G6
./.stack-work/ghci/56e6cd28/cabal_macros.h:20: MINOR:C-L2
./.stack-work/ghci/56e6cd28/cabal_macros.h:20: MINOR:C-L3
./.stack-work/ghci/56e6cd28/cabal_macros.h:21: MINOR:C-L2
./.stack-work/ghci/56e6cd28/cabal_macros.h:25: MINOR:C-G3
./.stack-work/ghci/56e6cd28/cabal_macros.h:28: MINOR:C-G3
./.stack-work/ghci/56e6cd28/cabal_macros.h:28: MINOR:C-G6
./.stack-work/ghci/56e6cd28/cabal_macros.h:28: MAJOR:C-H3
./.stack-work/ghci/56e6cd28/cabal_macros.h:28: MINOR:C-L3
./.stack-work/ghci/56e6cd28/cabal_macros.h:29: MINOR:C-G6
./.stack-work/ghci/56e6cd28/cabal_macros.h:29: MINOR:C-L2
./.stack-work/ghci/56e6cd28/cabal_macros.h:29: MINOR:C-L3
./.stack-work/ghci/56e6cd28/cabal_macros.h:30: MINOR:C-G6
./.stack-work/ghci/56e6cd28/cabal_macros.h:30: MINOR:C-L2
./.stack-work/ghci/56e6cd28/cabal_macros.h:30: MINOR:C-L3
./.stack-work/ghci/56e6cd28/cabal_macros.h:31: MINOR:C-L2
./.stack-work/ghci/56e6cd28/cabal_macros.h:36: MINOR:C-G3
./.stack-work/ghci/56e6cd28/cabal_macros.h:39: MINOR:C-G3
./.stack-work/ghci/56e6cd28/cabal_macros.h:39: MINOR:C-G6
./.stack-work/ghci/56e6cd28/cabal_macros.h:39: MAJOR:C-H3
./.stack-work/ghci/56e6cd28/cabal_macros.h:39: MINOR:C-L3
./.stack-work/ghci/56e6cd28/cabal_macros.h:40: MINOR:C-G6
./.stack-work/ghci/56e6cd28/cabal_macros.h:40: MINOR:C-L2
./.stack-work/ghci/56e6cd28/cabal_macros.h:40: MINOR:C-L3
./.stack-work/ghci/56e6cd28/cabal_macros.h:41: MINOR:C-G6
./.stack-work/ghci/56e6cd28/cabal_macros.h:41: MINOR:C-L2
./.stack-work/ghci/56e6cd28/cabal_macros.h:41: MINOR:C-L3
./.stack-work/ghci/56e6cd28/cabal_macros.h:42: MINOR:C-L2
./.stack-work/ghci/56e6cd28/cabal_macros.h:46: MINOR:C-G3
./.stack-work/ghci/56e6cd28/cabal_macros.h:49: MINOR:C-G3
./.stack-work/ghci/56e6cd28/cabal_macros.h:49: MINOR:C-G6
./.stack-work/ghci/56e6cd28/cabal_macros.h:49: MAJOR:C-H3
./.stack-work/ghci/56e6cd28/cabal_macros.h:49: MINOR:C-L3
./.stack-work/ghci/56e6cd28/cabal_macros.h:50: MINOR:C-G6
./.stack-work/ghci/56e6cd28/cabal_macros.h:50: MINOR:C-L2
./.stack-work/ghci/56e6cd28/cabal_macros.h:50: MINOR:C-L3
./.stack-work/ghci/56e6cd28/cabal_macros.h:51: MINOR:C-G6
./.stack-work/ghci/56e6cd28/cabal_macros.h:51: MINOR:C-L2
./.stack-work/ghci/56e6cd28/cabal_macros.h:51: MINOR:C-L3
./.stack-work/ghci/56e6cd28/cabal_macros.h:52: MINOR:C-L2
./.stack-work/ghci/56e6cd28/cabal_macros.h:56: MINOR:C-G3
./.stack-work/ghci/56e6cd28/cabal_macros.h:59: MINOR:C-G3
./.stack-work/ghci/56e6cd28/cabal_macros.h:59: MINOR:C-G6
./.stack-work/ghci/56e6cd28/cabal_macros.h:59: MAJOR:C-H3
./.stack-work/ghci/56e6cd28/cabal_macros.h:59: MINOR:C-L3
./.stack-work/ghci/56e6cd28/cabal_macros.h:60: MINOR:C-G6
./.stack-work/ghci/56e6cd28/cabal_macros.h:60: MINOR:C-L2
./.stack-work/ghci/56e6cd28/cabal_macros.h:60: MINOR:C-L3
./.stack-work/ghci/56e6cd28/cabal_macros.h:61: MINOR:C-G6
./.stack-work/ghci/56e6cd28/cabal_macros.h:61: MINOR:C-L2
./.stack-work/ghci/56e6cd28/cabal_macros.h:61: MINOR:C-L3
./.stack-work/ghci/56e6cd28/cabal_macros.h:62: MINOR:C-L2
./.stack-work/ghci/56e6cd28/cabal_macros.h:66: MINOR:C-G3
./.stack-work/ghci/56e6cd28/cabal_macros.h:69: MINOR:C-G3
./.stack-work/ghci/56e6cd28/cabal_macros.h:69: MINOR:C-G6
./.stack-work/ghci/56e6cd28/cabal_macros.h:69: MAJOR:C-H3
./.stack-work/ghci/56e6cd28/cabal_macros.h:69: MINOR:C-L3
./.stack-work/ghci/56e6cd28/cabal_macros.h:70: MINOR:C-G6
./.stack-work/ghci/56e6cd28/cabal_macros.h:70: MINOR:C-L2
./.stack-work/ghci/56e6cd28/cabal_macros.h:70: MINOR:C-L3
./.stack-work/ghci/56e6cd28/cabal_macros.h:71: MINOR:C-G6
./.stack-work/ghci/56e6cd28/cabal_macros.h:71: MINOR:C-L2
./.stack-work/ghci/56e6cd28/cabal_macros.h:71: MINOR:C-L3
./.stack-work/ghci/56e6cd28/cabal_macros.h:72: MINOR:C-L2
./.stack-work/ghci/56e6cd28/cabal_macros.h:76: MINOR:C-G3
./.stack-work/ghci/56e6cd28/cabal_macros.h:79: MINOR:C-G3
./.stack-work/ghci/56e6cd28/cabal_macros.h:79: MINOR:C-G6
./.stack-work/ghci/56e6cd28/cabal_macros.h:79: MAJOR:C-H3
./.stack-work/ghci/56e6cd28/cabal_macros.h:79: MINOR:C-L3
./.stack-work/ghci/56e6cd28/cabal_macros.h:80: MINOR:C-G6
./.stack-work/ghci/56e6cd28/cabal_macros.h:80: MINOR:C-L2
./.stack-work/ghci/56e6cd28/cabal_macros.h:80: MINOR:C-L3
./.stack-work/ghci/56e6cd28/cabal_macros.h:81: MINOR:C-G6
./.stack-work/ghci/56e6cd28/cabal_macros.h:81: MINOR:C-L2
./.stack-work/ghci/56e6cd28/cabal_macros.h:81: MINOR:C-L3
./.stack-work/ghci/56e6cd28/cabal_macros.h:82: MINOR:C-L2
./.stack-work/ghci/56e6cd28/cabal_macros.h:86: MINOR:C-G3
./.stack-work/ghci/56e6cd28/cabal_macros.h:89: MINOR:C-G3
./.stack-work/ghci/56e6cd28/cabal_macros.h:89: MINOR:C-G6
./.stack-work/ghci/56e6cd28/cabal_macros.h:89: MAJOR:C-H3
./.stack-work/ghci/56e6cd28/cabal_macros.h:89: MINOR:C-L3
./.stack-work/ghci/56e6cd28/cabal_macros.h:90: MINOR:C-G6
./.stack-work/ghci/56e6cd28/cabal_macros.h:90: MINOR:C-L2
./.stack-work/ghci/56e6cd28/cabal_macros.h:90: MINOR:C-L3
./.stack-work/ghci/56e6cd28/cabal_macros.h:91: MINOR:C-G6
./.stack-work/ghci/56e6cd28/cabal_macros.h:91: MINOR:C-L2
./.stack-work/ghci/56e6cd28/cabal_macros.h:91: MINOR:C-L3
./.stack-work/ghci/56e6cd28/cabal_macros.h:92: MINOR:C-L2
./.stack-work/ghci/56e6cd28/cabal_macros.h:96: MINOR:C-G3
./.stack-work/ghci/56e6cd28/cabal_macros.h:99: MINOR:C-G3
./.stack-work/ghci/56e6cd28/cabal_macros.h:99: MINOR:C-G6
./.stack-work/ghci/56e6cd28/cabal_macros.h:99: MAJOR:C-H3
./.stack-work/ghci/56e6cd28/cabal_macros.h:99: MINOR:C-L3
./.stack-work/ghci/56e6cd28/cabal_macros.h:100: MINOR:C-G6
./.stack-work/ghci/56e6cd28/cabal_macros.h:100: MINOR:C-L2
./.stack-work/ghci/56e6cd28/cabal_macros.h:100: MINOR:C-L3
./.stack-work/ghci/56e6cd28/cabal_macros.h:101: MINOR:C-G6
./.stack-work/ghci/56e6cd28/cabal_macros.h:101: MINOR:C-L2
./.stack-work/ghci/56e6cd28/cabal_macros.h:101: MINOR:C-L3
./.stack-work/ghci/56e6cd28/cabal_macros.h:102: MINOR:C-L2
./.stack-work/ghci/56e6cd28/cabal_macros.h:106: MINOR:C-G3
./.stack-work/ghci/56e6cd28/cabal_macros.h:109: MINOR:C-G3
./.stack-work/ghci/56e6cd28/cabal_macros.h:109: MINOR:C-G6
./.stack-work/ghci/56e6cd28/cabal_macros.h:109: MAJOR:C-H3
./.stack-work/ghci/56e6cd28/cabal_macros.h:109: MINOR:C-L3
./.stack-work/ghci/56e6cd28/cabal_macros.h:110: MINOR:C-G6
./.stack-work/ghci/56e6cd28/cabal_macros.h:110: MINOR:C-L2
./.stack-work/ghci/56e6cd28/cabal_macros.h:110: MINOR:C-L3
./.stack-work/ghci/56e6cd28/cabal_macros.h:111: MINOR:C-G6
./.stack-work/ghci/56e6cd28/cabal_macros.h:111: MINOR:C-L2
./.stack-work/ghci/56e6cd28/cabal_macros.h:111: MINOR:C-L3
./.stack-work/ghci/56e6cd28/cabal_macros.h:112: MINOR:C-L2
./.stack-work/ghci/56e6cd28/cabal_macros.h:116: MINOR:C-G3
./.stack-work/ghci/56e6cd28/cabal_macros.h:119: MINOR:C-G3
./.stack-work/ghci/56e6cd28/cabal_macros.h:119: MINOR:C-G6
./.stack-work/ghci/56e6cd28/cabal_macros.h:119: MAJOR:C-H3
./.stack-work/ghci/56e6cd28/cabal_macros.h:119: MINOR:C-L3
./.stack-work/ghci/56e6cd28/cabal_macros.h:120: MINOR:C-G6
./.stack-work/ghci/56e6cd28/cabal_macros.h:120: MINOR:C-L2
./.stack-work/ghci/56e6cd28/cabal_macros.h:120: MINOR:C-L3
./.stack-work/ghci/56e6cd28/cabal_macros.h:121: MINOR:C-G6
./.stack-work/ghci/56e6cd28/cabal_macros.h:121: MINOR:C-L2
./.stack-work/ghci/56e6cd28/cabal_macros.h:121: MINOR:C-L3
./.stack-work/ghci/56e6cd28/cabal_macros.h:122: MINOR:C-L2
./.stack-work/ghci/56e6cd28/cabal_macros.h:126: MINOR:C-G3
./.stack-work/ghci/56e6cd28/cabal_macros.h:129: MINOR:C-G3
./.stack-work/ghci/56e6cd28/cabal_macros.h:129: MINOR:C-G6
./.stack-work/ghci/56e6cd28/cabal_macros.h:129: MAJOR:C-H3
./.stack-work/ghci/56e6cd28/cabal_macros.h:129: MINOR:C-L3
./.stack-work/ghci/56e6cd28/cabal_macros.h:130: MINOR:C-G6
./.stack-work/ghci/56e6cd28/cabal_macros.h:130: MINOR:C-L2
./.stack-work/ghci/56e6cd28/cabal_macros.h:130: MINOR:C-L3
./.stack-work/ghci/56e6cd28/cabal_macros.h:131: MINOR:C-G6
./.stack-work/ghci/56e6cd28/cabal_macros.h:131: MINOR:C-L2
./.stack-work/ghci/56e6cd28/cabal_macros.h:131: MINOR:C-L3
./.stack-work/ghci/56e6cd28/cabal_macros.h:132: MINOR:C-L2
./.stack-work/ghci/56e6cd28/cabal_macros.h:136: MINOR:C-G3
./.stack-work/ghci/56e6cd28/cabal_macros.h:139: MINOR:C-G3
./.stack-work/ghci/56e6cd28/cabal_macros.h:139: MINOR:C-G6
./.stack-work/ghci/56e6cd28/cabal_macros.h:139: MAJOR:C-H3
./.stack-work/ghci/56e6cd28/cabal_macros.h:139: MINOR:C-L3
./.stack-work/ghci/56e6cd28/cabal_macros.h:140: MINOR:C-G6
./.stack-work/ghci/56e6cd28/cabal_macros.h:140: MINOR:C-L2
./.stack-work/ghci/56e6cd28/cabal_macros.h:140: MINOR:C-L3
./.stack-work/ghci/56e6cd28/cabal_macros.h:141: MINOR:C-G6
./.stack-work/ghci/56e6cd28/cabal_macros.h:141: MINOR:C-L2
./.stack-work/ghci/56e6cd28/cabal_macros.h:141: MINOR:C-L3
./.stack-work/ghci/56e6cd28/cabal_macros.h:142: MINOR:C-L2
./.stack-work/ghci/56e6cd28/cabal_macros.h:146: MINOR:C-G3
./.stack-work/ghci/56e6cd28/cabal_macros.h:149: MINOR:C-G3
./.stack-work/ghci/56e6cd28/cabal_macros.h:149: MINOR:C-G6
./.stack-work/ghci/56e6cd28/cabal_macros.h:149: MAJOR:C-H3
./.stack-work/ghci/56e6cd28/cabal_macros.h:149: MINOR:C-L3
./.stack-work/ghci/56e6cd28/cabal_macros.h:150: MINOR:C-G6
./.stack-work/ghci/56e6cd28/cabal_macros.h:150: MINOR:C-L2
./.stack-work/ghci/56e6cd28/cabal_macros.h:150: MINOR:C-L3
./.stack-work/ghci/56e6cd28/cabal_macros.h:151: MINOR:C-G6
./.stack-work/ghci/56e6cd28/cabal_macros.h:151: MINOR:C-L2
./.stack-work/ghci/56e6cd28/cabal_macros.h:151: MINOR:C-L3
./.stack-work/ghci/56e6cd28/cabal_macros.h:152: MINOR:C-L2
./.stack-work/ghci/56e6cd28/cabal_macros.h:156: MINOR:C-G3
./.stack-work/ghci/56e6cd28/cabal_macros.h:159: MINOR:C-G3
./.stack-work/ghci/56e6cd28/cabal_macros.h:162: MINOR:C-G3
./.stack-work/ghci/733b2ebb/cabal_macros.h:1: MINOR:C-G1
./.stack-work/ghci/733b2ebb/cabal_macros.h:1: MAJOR:C-H2
./.stack-work/ghci/733b2ebb/cabal_macros.h:5: MINOR:C-G3
./.stack-work/ghci/733b2ebb/cabal_macros.h:8: MINOR:C-G3
./.stack-work/ghci/733b2ebb/cabal_macros.h:8: MINOR:C-G6
./.stack-work/ghci/733b2ebb/cabal_macros.h:8: MAJOR:C-H3
./.stack-work/ghci/733b2ebb/cabal_macros.h:8: MINOR:C-L3
./.stack-work/ghci/733b2ebb/cabal_macros.h:9: MINOR:C-G6
./.stack-work/ghci/733b2ebb/cabal_macros.h:9: MINOR:C-L2
./.stack-work/ghci/733b2ebb/cabal_macros.h:9: MINOR:C-L3
./.stack-work/ghci/733b2ebb/cabal_macros.h:10: MINOR:C-G6
./.stack-work/ghci/733b2ebb/cabal_macros.h:10: MINOR:C-L2
./.stack-work/ghci/733b2ebb/cabal_macros.h:10: MINOR:C-L3
./.stack-work/ghci/733b2ebb/cabal_macros.h:11: MINOR:C-L2
./.stack-work/ghci/733b2ebb/cabal_macros.h:15: MINOR:C-G3
./.stack-work/ghci/733b2ebb/cabal_macros.h:18: MINOR:C-G3
./.stack-work/ghci/733b2ebb/cabal_macros.h:18: MINOR:C-G6
./.stack-work/ghci/733b2ebb/cabal_macros.h:18: MAJOR:C-H3
./.stack-work/ghci/733b2ebb/cabal_macros.h:18: MINOR:C-L3
./.stack-work/ghci/733b2ebb/cabal_macros.h:19: MINOR:C-G6
./.stack-work/ghci/733b2ebb/cabal_macros.h:19: MINOR:C-L2
./.stack-work/ghci/733b2ebb/cabal_macros.h:19: MINOR:C-L3
./.stack-work/ghci/733b2ebb/cabal_macros.h:20: MINOR:C-G6
./.stack-work/ghci/733b2ebb/cabal_macros.h:20: MINOR:C-L2
./.stack-work/ghci/733b2ebb/cabal_macros.h:20: MINOR:C-L3
./.stack-work/ghci/733b2ebb/cabal_macros.h:21: MINOR:C-L2
./.stack-work/ghci/733b2ebb/cabal_macros.h:25: MINOR:C-G3
./.stack-work/ghci/733b2ebb/cabal_macros.h:28: MINOR:C-G3
./.stack-work/ghci/733b2ebb/cabal_macros.h:28: MINOR:C-G6
./.stack-work/ghci/733b2ebb/cabal_macros.h:28: MAJOR:C-H3
./.stack-work/ghci/733b2ebb/cabal_macros.h:28: MINOR:C-L3
./.stack-work/ghci/733b2ebb/cabal_macros.h:29: MINOR:C-G6
./.stack-work/ghci/733b2ebb/cabal_macros.h:29: MINOR:C-L2
./.stack-work/ghci/733b2ebb/cabal_macros.h:29: MINOR:C-L3
./.stack-work/ghci/733b2ebb/cabal_macros.h:30: MINOR:C-G6
./.stack-work/ghci/733b2ebb/cabal_macros.h:30: MINOR:C-L2
./.stack-work/ghci/733b2ebb/cabal_macros.h:30: MINOR:C-L3
./.stack-work/ghci/733b2ebb/cabal_macros.h:31: MINOR:C-L2
./.stack-work/ghci/733b2ebb/cabal_macros.h:35: MINOR:C-G3
./.stack-work/ghci/733b2ebb/cabal_macros.h:38: MINOR:C-G3
./.stack-work/ghci/733b2ebb/cabal_macros.h:38: MINOR:C-G6
./.stack-work/ghci/733b2ebb/cabal_macros.h:38: MAJOR:C-H3
./.stack-work/ghci/733b2ebb/cabal_macros.h:38: MINOR:C-L3
./.stack-work/ghci/733b2ebb/cabal_macros.h:39: MINOR:C-G6
./.stack-work/ghci/733b2ebb/cabal_macros.h:39: MINOR:C-L2
./.stack-work/ghci/733b2ebb/cabal_macros.h:39: MINOR:C-L3
./.stack-work/ghci/733b2ebb/cabal_macros.h:40: MINOR:C-G6
./.stack-work/ghci/733b2ebb/cabal_macros.h:40: MINOR:C-L2
./.stack-work/ghci/733b2ebb/cabal_macros.h:40: MINOR:C-L3
./.stack-work/ghci/733b2ebb/cabal_macros.h:41: MINOR:C-L2
./.stack-work/ghci/733b2ebb/cabal_macros.h:46: MINOR:C-G3
./.stack-work/ghci/733b2ebb/cabal_macros.h:49: MINOR:C-G3
./.stack-work/ghci/733b2ebb/cabal_macros.h:49: MINOR:C-G6
./.stack-work/ghci/733b2ebb/cabal_macros.h:49: MAJOR:C-H3
./.stack-work/ghci/733b2ebb/cabal_macros.h:49: MINOR:C-L3
./.stack-work/ghci/733b2ebb/cabal_macros.h:50: MINOR:C-G6
./.stack-work/ghci/733b2ebb/cabal_macros.h:50: MINOR:C-L2
./.stack-work/ghci/733b2ebb/cabal_macros.h:50: MINOR:C-L3
./.stack-work/ghci/733b2ebb/cabal_macros.h:51: MINOR:C-G6
./.stack-work/ghci/733b2ebb/cabal_macros.h:51: MINOR:C-L2
./.stack-work/ghci/733b2ebb/cabal_macros.h:51: MINOR:C-L3
./.stack-work/ghci/733b2ebb/cabal_macros.h:52: MINOR:C-L2
./.stack-work/ghci/733b2ebb/cabal_macros.h:56: MINOR:C-G3
./.stack-work/ghci/733b2ebb/cabal_macros.h:59: MINOR:C-G3
./.stack-work/ghci/733b2ebb/cabal_macros.h:59: MINOR:C-G6
./.stack-work/ghci/733b2ebb/cabal_macros.h:59: MAJOR:C-H3
./.stack-work/ghci/733b2ebb/cabal_macros.h:59: MINOR:C-L3
./.stack-work/ghci/733b2ebb/cabal_macros.h:60: MINOR:C-G6
./.stack-work/ghci/733b2ebb/cabal_macros.h:60: MINOR:C-L2
./.stack-work/ghci/733b2ebb/cabal_macros.h:60: MINOR:C-L3
./.stack-work/ghci/733b2ebb/cabal_macros.h:61: MINOR:C-G6
./.stack-work/ghci/733b2ebb/cabal_macros.h:61: MINOR:C-L2
./.stack-work/ghci/733b2ebb/cabal_macros.h:61: MINOR:C-L3
./.stack-work/ghci/733b2ebb/cabal_macros.h:62: MINOR:C-L2
./.stack-work/ghci/733b2ebb/cabal_macros.h:66: MINOR:C-G3
./.stack-work/ghci/733b2ebb/cabal_macros.h:69: MINOR:C-G3
./.stack-work/ghci/733b2ebb/cabal_macros.h:69: MINOR:C-G6
./.stack-work/ghci/733b2ebb/cabal_macros.h:69: MAJOR:C-H3
./.stack-work/ghci/733b2ebb/cabal_macros.h:69: MINOR:C-L3
./.stack-work/ghci/733b2ebb/cabal_macros.h:70: MINOR:C-G6
./.stack-work/ghci/733b2ebb/cabal_macros.h:70: MINOR:C-L2
./.stack-work/ghci/733b2ebb/cabal_macros.h:70: MINOR:C-L3
./.stack-work/ghci/733b2ebb/cabal_macros.h:71: MINOR:C-G6
./.stack-work/ghci/733b2ebb/cabal_macros.h:71: MINOR:C-L2
./.stack-work/ghci/733b2ebb/cabal_macros.h:71: MINOR:C-L3
./.stack-work/ghci/733b2ebb/cabal_macros.h:72: MINOR:C-L2
./.stack-work/ghci/733b2ebb/cabal_macros.h:76: MINOR:C-G3
./.stack-work/ghci/733b2ebb/cabal_macros.h:79: MINOR:C-G3
./.stack-work/ghci/733b2ebb/cabal_macros.h:79: MINOR:C-G6
./.stack-work/ghci/733b2ebb/cabal_macros.h:79: MAJOR:C-H3
./.stack-work/ghci/733b2ebb/cabal_macros.h:79: MINOR:C-L3
./.stack-work/ghci/733b2ebb/cabal_macros.h:80: MINOR:C-G6
./.stack-work/ghci/733b2ebb/cabal_macros.h:80: MINOR:C-L2
./.stack-work/ghci/733b2ebb/cabal_macros.h:80: MINOR:C-L3
./.stack-work/ghci/733b2ebb/cabal_macros.h:81: MINOR:C-G6
./.stack-work/ghci/733b2ebb/cabal_macros.h:81: MINOR:C-L2
./.stack-work/ghci/733b2ebb/cabal_macros.h:81: MINOR:C-L3
./.stack-work/ghci/733b2ebb/cabal_macros.h:82: MINOR:C-L2
./.stack-work/ghci/733b2ebb/cabal_macros.h:86: MINOR:C-G3
./.stack-work/ghci/733b2ebb/cabal_macros.h:89: MINOR:C-G3
./.stack-work/ghci/733b2ebb/cabal_macros.h:89: MINOR:C-G6
./.stack-work/ghci/733b2ebb/cabal_macros.h:89: MAJOR:C-H3
./.stack-work/ghci/733b2ebb/cabal_macros.h:89: MINOR:C-L3
./.stack-work/ghci/733b2ebb/cabal_macros.h:90: MINOR:C-G6
./.stack-work/ghci/733b2ebb/cabal_macros.h:90: MINOR:C-L2
./.stack-work/ghci/733b2ebb/cabal_macros.h:90: MINOR:C-L3
./.stack-work/ghci/733b2ebb/cabal_macros.h:91: MINOR:C-G6
./.stack-work/ghci/733b2ebb/cabal_macros.h:91: MINOR:C-L2
./.stack-work/ghci/733b2ebb/cabal_macros.h:91: MINOR:C-L3
./.stack-work/ghci/733b2ebb/cabal_macros.h:92: MINOR:C-L2
./.stack-work/ghci/733b2ebb/cabal_macros.h:96: MINOR:C-G3
./.stack-work/ghci/733b2ebb/cabal_macros.h:99: MINOR:C-G3
./.stack-work/ghci/733b2ebb/cabal_macros.h:99: MINOR:C-G6
./.stack-work/ghci/733b2ebb/cabal_macros.h:99: MAJOR:C-H3
./.stack-work/ghci/733b2ebb/cabal_macros.h:99: MINOR:C-L3
./.stack-work/ghci/733b2ebb/cabal_macros.h:100: MINOR:C-G6
./.stack-work/ghci/733b2ebb/cabal_macros.h:100: MINOR:C-L2
./.stack-work/ghci/733b2ebb/cabal_macros.h:100: MINOR:C-L3
./.stack-work/ghci/733b2ebb/cabal_macros.h:101: MINOR:C-G6
./.stack-work/ghci/733b2ebb/cabal_macros.h:101: MINOR:C-L2
./.stack-work/ghci/733b2ebb/cabal_macros.h:101: MINOR:C-L3
./.stack-work/ghci/733b2ebb/cabal_macros.h:102: MINOR:C-L2
./.stack-work/ghci/733b2ebb/cabal_macros.h:106: MINOR:C-G3
./.stack-work/ghci/733b2ebb/cabal_macros.h:109: MINOR:C-G3
./.stack-work/ghci/733b2ebb/cabal_macros.h:109: MINOR:C-G6
./.stack-work/ghci/733b2ebb/cabal_macros.h:109: MAJOR:C-H3
./.stack-work/ghci/733b2ebb/cabal_macros.h:109: MINOR:C-L3
./.stack-work/ghci/733b2ebb/cabal_macros.h:110: MINOR:C-G6
./.stack-work/ghci/733b2ebb/cabal_macros.h:110: MINOR:C-L2
./.stack-work/ghci/733b2ebb/cabal_macros.h:110: MINOR:C-L3
./.stack-work/ghci/733b2ebb/cabal_macros.h:111: MINOR:C-G6
./.stack-work/ghci/733b2ebb/cabal_macros.h:111: MINOR:C-L2
./.stack-work/ghci/733b2ebb/cabal_macros.h:111: MINOR:C-L3
./.stack-work/ghci/733b2ebb/cabal_macros.h:112: MINOR:C-L2
./.stack-work/ghci/733b2ebb/cabal_macros.h:116: MINOR:C-G3
./.stack-work/ghci/733b2ebb/cabal_macros.h:119: MINOR:C-G3
./.stack-work/ghci/733b2ebb/cabal_macros.h:119: MINOR:C-G6
./.stack-work/ghci/733b2ebb/cabal_macros.h:119: MAJOR:C-H3
./.stack-work/ghci/733b2ebb/cabal_macros.h:119: MINOR:C-L3
./.stack-work/ghci/733b2ebb/cabal_macros.h:120: MINOR:C-G6
./.stack-work/ghci/733b2ebb/cabal_macros.h:120: MINOR:C-L2
./.stack-work/ghci/733b2ebb/cabal_macros.h:120: MINOR:C-L3
./.stack-work/ghci/733b2ebb/cabal_macros.h:121: MINOR:C-G6
./.stack-work/ghci/733b2ebb/cabal_macros.h:121: MINOR:C-L2
./.stack-work/ghci/733b2ebb/cabal_macros.h:121: MINOR:C-L3
./.stack-work/ghci/733b2ebb/cabal_macros.h:122: MINOR:C-L2
./.stack-work/ghci/733b2ebb/cabal_macros.h:126: MINOR:C-G3
./.stack-work/ghci/733b2ebb/cabal_macros.h:129: MINOR:C-G3
./.stack-work/ghci/733b2ebb/cabal_macros.h:129: MINOR:C-G6
./.stack-work/ghci/733b2ebb/cabal_macros.h:129: MAJOR:C-H3
./.stack-work/ghci/733b2ebb/cabal_macros.h:129: MINOR:C-L3
./.stack-work/ghci/733b2ebb/cabal_macros.h:130: MINOR:C-G6
./.stack-work/ghci/733b2ebb/cabal_macros.h:130: MINOR:C-L2
./.stack-work/ghci/733b2ebb/cabal_macros.h:130: MINOR:C-L3
./.stack-work/ghci/733b2ebb/cabal_macros.h:131: MINOR:C-G6
./.stack-work/ghci/733b2ebb/cabal_macros.h:131: MINOR:C-L2
./.stack-work/ghci/733b2ebb/cabal_macros.h:131: MINOR:C-L3
./.stack-work/ghci/733b2ebb/cabal_macros.h:132: MINOR:C-L2
./.stack-work/ghci/733b2ebb/cabal_macros.h:136: MINOR:C-G3
./.stack-work/ghci/733b2ebb/cabal_macros.h:139: MINOR:C-G3
./.stack-work/ghci/733b2ebb/cabal_macros.h:139: MINOR:C-G6
./.stack-work/ghci/733b2ebb/cabal_macros.h:139: MAJOR:C-H3
./.stack-work/ghci/733b2ebb/cabal_macros.h:139: MINOR:C-L3
./.stack-work/ghci/733b2ebb/cabal_macros.h:140: MINOR:C-G6
./.stack-work/ghci/733b2ebb/cabal_macros.h:140: MINOR:C-L2
./.stack-work/ghci/733b2ebb/cabal_macros.h:140: MINOR:C-L3
./.stack-work/ghci/733b2ebb/cabal_macros.h:141: MINOR:C-G6
./.stack-work/ghci/733b2ebb/cabal_macros.h:141: MINOR:C-L2
./.stack-work/ghci/733b2ebb/cabal_macros.h:141: MINOR:C-L3
./.stack-work/ghci/733b2ebb/cabal_macros.h:142: MINOR:C-L2
./.stack-work/ghci/733b2ebb/cabal_macros.h:146: MINOR:C-G3
./.stack-work/ghci/733b2ebb/cabal_macros.h:149: MINOR:C-G3
./.stack-work/ghci/733b2ebb/cabal_macros.h:149: MINOR:C-G6
./.stack-work/ghci/733b2ebb/cabal_macros.h:149: MAJOR:C-H3
./.stack-work/ghci/733b2ebb/cabal_macros.h:149: MINOR:C-L3
./.stack-work/ghci/733b2ebb/cabal_macros.h:150: MINOR:C-G6
./.stack-work/ghci/733b2ebb/cabal_macros.h:150: MINOR:C-L2
./.stack-work/ghci/733b2ebb/cabal_macros.h:150: MINOR:C-L3
./.stack-work/ghci/733b2ebb/cabal_macros.h:151: MINOR:C-G6
./.stack-work/ghci/733b2ebb/cabal_macros.h:151: MINOR:C-L2
./.stack-work/ghci/733b2ebb/cabal_macros.h:151: MINOR:C-L3
./.stack-work/ghci/733b2ebb/cabal_macros.h:152: MINOR:C-L2
./.stack-work/ghci/733b2ebb/cabal_macros.h:156: MINOR:C-G3
./.stack-work/ghci/733b2ebb/cabal_macros.h:159: MINOR:C-G3
./.stack-work/ghci/733b2ebb/cabal_macros.h:159: MINOR:C-G6
./.stack-work/ghci/733b2ebb/cabal_macros.h:159: MAJOR:C-H3
./.stack-work/ghci/733b2ebb/cabal_macros.h:159: MINOR:C-L3
./.stack-work/ghci/733b2ebb/cabal_macros.h:160: MINOR:C-G6
./.stack-work/ghci/733b2ebb/cabal_macros.h:160: MINOR:C-L2
./.stack-work/ghci/733b2ebb/cabal_macros.h:160: MINOR:C-L3
./.stack-work/ghci/733b2ebb/cabal_macros.h:161: MINOR:C-G6
./.stack-work/ghci/733b2ebb/cabal_macros.h:161: MINOR:C-L2
./.stack-work/ghci/733b2ebb/cabal_macros.h:161: MINOR:C-L3
./.stack-work/ghci/733b2ebb/cabal_macros.h:162: MINOR:C-L2
./.stack-work/ghci/733b2ebb/cabal_macros.h:166: MAJOR:C-F3
./.stack-work/ghci/733b2ebb/cabal_macros.h:166: MINOR:C-G3
./.stack-work/ghci/733b2ebb/cabal_macros.h:169: MINOR:C-G3
./.stack-work/install/x86_64-linux/0916c85c59ecc6382b16e5c76a783e8c666d6186e8ab640552b1ba2974c55a1a/9.10.2/bin/glados-exe:1: MAJOR:C-O1
./.stack-work/install/x86_64-linux/0916c85c59ecc6382b16e5c76a783e8c666d6186e8ab640552b1ba2974c55a1a/9.10.2/lib/x86_64-linux-ghc-9.10.2-d434/glados-0.1.0.0-2RDZx56k3Dp47ft96OASD8/libHSglados-0.1.0.0-2RDZx56k3Dp47ft96OASD8.a:1: MAJOR:C-O1
./.stack-work/install/x86_64-linux/0916c85c59ecc6382b16e5c76a783e8c666d6186e8ab640552b1ba2974c55a1a/9.10.2/lib/x86_64-linux-ghc-9.10.2-d434/glados-0.1.0.0-CMJWiv8mvwzGwv0l3QHHIc/libHSglados-0.1.0.0-CMJWiv8mvwzGwv0l3QHHIc.a:1: MAJOR:C-O1
./.stack-work/install/x86_64-linux/0916c85c59ecc6382b16e5c76a783e8c666d6186e8ab640552b1ba2974c55a1a/9.10.2/lib/x86_64-linux-ghc-9.10.2-d434/libHSglados-0.1.0.0-2RDZx56k3Dp47ft96OASD8-ghc9.10.2.so:1: MAJOR:C-O1
./.stack-work/install/x86_64-linux/0916c85c59ecc6382b16e5c76a783e8c666d6186e8ab640552b1ba2974c55a1a/9.10.2/lib/x86_64-linux-ghc-9.10.2-d434/libHSglados-0.1.0.0-CMJWiv8mvwzGwv0l3QHHIc-ghc9.10.2.so:1: MAJOR:C-O1
./Makefile:30: MAJOR:C-F3
./fcc_src/.stack-work/ghci/5de83fcc/cabal_macros.h:1: MINOR:C-G1
./fcc_src/.stack-work/ghci/5de83fcc/cabal_macros.h:1: MAJOR:C-H2
./fcc_src/.stack-work/ghci/5de83fcc/cabal_macros.h:5: MINOR:C-G3
./fcc_src/.stack-work/ghci/5de83fcc/cabal_macros.h:8: MINOR:C-G3
./fcc_src/.stack-work/ghci/5de83fcc/cabal_macros.h:8: MINOR:C-G6
./fcc_src/.stack-work/ghci/5de83fcc/cabal_macros.h:8: MAJOR:C-H3
./fcc_src/.stack-work/ghci/5de83fcc/cabal_macros.h:8: MINOR:C-L3
./fcc_src/.stack-work/ghci/5de83fcc/cabal_macros.h:9: MINOR:C-G6
./fcc_src/.stack-work/ghci/5de83fcc/cabal_macros.h:9: MINOR:C-L2
./fcc_src/.stack-work/ghci/5de83fcc/cabal_macros.h:9: MINOR:C-L3
./fcc_src/.stack-work/ghci/5de83fcc/cabal_macros.h:10: MINOR:C-G6
./fcc_src/.stack-work/ghci/5de83fcc/cabal_macros.h:10: MINOR:C-L2
./fcc_src/.stack-work/ghci/5de83fcc/cabal_macros.h:10: MINOR:C-L3
./fcc_src/.stack-work/ghci/5de83fcc/cabal_macros.h:11: MINOR:C-L2
./fcc_src/.stack-work/ghci/5de83fcc/cabal_macros.h:15: MINOR:C-G3
./fcc_src/.stack-work/ghci/5de83fcc/cabal_macros.h:18: MINOR:C-G3
./fcc_src/.stack-work/ghci/5de83fcc/cabal_macros.h:18: MINOR:C-G6
./fcc_src/.stack-work/ghci/5de83fcc/cabal_macros.h:18: MAJOR:C-H3
./fcc_src/.stack-work/ghci/5de83fcc/cabal_macros.h:18: MINOR:C-L3
./fcc_src/.stack-work/ghci/5de83fcc/cabal_macros.h:19: MINOR:C-G6
./fcc_src/.stack-work/ghci/5de83fcc/cabal_macros.h:19: MINOR:C-L2
./fcc_src/.stack-work/ghci/5de83fcc/cabal_macros.h:19: MINOR:C-L3
./fcc_src/.stack-work/ghci/5de83fcc/cabal_macros.h:20: MINOR:C-G6
./fcc_src/.stack-work/ghci/5de83fcc/cabal_macros.h:20: MINOR:C-L2
./fcc_src/.stack-work/ghci/5de83fcc/cabal_macros.h:20: MINOR:C-L3
./fcc_src/.stack-work/ghci/5de83fcc/cabal_macros.h:21: MINOR:C-L2
./fcc_src/.stack-work/ghci/5de83fcc/cabal_macros.h:25: MINOR:C-G3
./fcc_src/.stack-work/ghci/5de83fcc/cabal_macros.h:28: MINOR:C-G3
./fcc_src/.stack-work/ghci/5de83fcc/cabal_macros.h:28: MINOR:C-G6
./fcc_src/.stack-work/ghci/5de83fcc/cabal_macros.h:28: MAJOR:C-H3
./fcc_src/.stack-work/ghci/5de83fcc/cabal_macros.h:28: MINOR:C-L3
./fcc_src/.stack-work/ghci/5de83fcc/cabal_macros.h:29: MINOR:C-G6
./fcc_src/.stack-work/ghci/5de83fcc/cabal_macros.h:29: MINOR:C-L2
./fcc_src/.stack-work/ghci/5de83fcc/cabal_macros.h:29: MINOR:C-L3
./fcc_src/.stack-work/ghci/5de83fcc/cabal_macros.h:30: MINOR:C-G6
./fcc_src/.stack-work/ghci/5de83fcc/cabal_macros.h:30: MINOR:C-L2
./fcc_src/.stack-work/ghci/5de83fcc/cabal_macros.h:30: MINOR:C-L3
./fcc_src/.stack-work/ghci/5de83fcc/cabal_macros.h:31: MINOR:C-L2
./fcc_src/.stack-work/ghci/5de83fcc/cabal_macros.h:35: MINOR:C-G3
./fcc_src/.stack-work/ghci/5de83fcc/cabal_macros.h:38: MINOR:C-G3
./fcc_src/.stack-work/ghci/5de83fcc/cabal_macros.h:38: MINOR:C-G6
./fcc_src/.stack-work/ghci/5de83fcc/cabal_macros.h:38: MAJOR:C-H3
./fcc_src/.stack-work/ghci/5de83fcc/cabal_macros.h:38: MINOR:C-L3
./fcc_src/.stack-work/ghci/5de83fcc/cabal_macros.h:39: MINOR:C-G6
./fcc_src/.stack-work/ghci/5de83fcc/cabal_macros.h:39: MINOR:C-L2
./fcc_src/.stack-work/ghci/5de83fcc/cabal_macros.h:39: MINOR:C-L3
./fcc_src/.stack-work/ghci/5de83fcc/cabal_macros.h:40: MINOR:C-G6
./fcc_src/.stack-work/ghci/5de83fcc/cabal_macros.h:40: MINOR:C-L2
./fcc_src/.stack-work/ghci/5de83fcc/cabal_macros.h:40: MINOR:C-L3
./fcc_src/.stack-work/ghci/5de83fcc/cabal_macros.h:41: MINOR:C-L2
./fcc_src/.stack-work/ghci/5de83fcc/cabal_macros.h:46: MINOR:C-G3
./fcc_src/.stack-work/ghci/5de83fcc/cabal_macros.h:49: MINOR:C-G3
./fcc_src/.stack-work/ghci/5de83fcc/cabal_macros.h:49: MINOR:C-G6
./fcc_src/.stack-work/ghci/5de83fcc/cabal_macros.h:49: MAJOR:C-H3
./fcc_src/.stack-work/ghci/5de83fcc/cabal_macros.h:49: MINOR:C-L3
./fcc_src/.stack-work/ghci/5de83fcc/cabal_macros.h:50: MINOR:C-G6
./fcc_src/.stack-work/ghci/5de83fcc/cabal_macros.h:50: MINOR:C-L2
./fcc_src/.stack-work/ghci/5de83fcc/cabal_macros.h:50: MINOR:C-L3
./fcc_src/.stack-work/ghci/5de83fcc/cabal_macros.h:51: MINOR:C-G6
./fcc_src/.stack-work/ghci/5de83fcc/cabal_macros.h:51: MINOR:C-L2
./fcc_src/.stack-work/ghci/5de83fcc/cabal_macros.h:51: MINOR:C-L3
./fcc_src/.stack-work/ghci/5de83fcc/cabal_macros.h:52: MINOR:C-L2
./fcc_src/.stack-work/ghci/5de83fcc/cabal_macros.h:56: MINOR:C-G3
./fcc_src/.stack-work/ghci/5de83fcc/cabal_macros.h:59: MINOR:C-G3
./fcc_src/.stack-work/ghci/5de83fcc/cabal_macros.h:59: MINOR:C-G6
./fcc_src/.stack-work/ghci/5de83fcc/cabal_macros.h:59: MAJOR:C-H3
./fcc_src/.stack-work/ghci/5de83fcc/cabal_macros.h:59: MINOR:C-L3
./fcc_src/.stack-work/ghci/5de83fcc/cabal_macros.h:60: MINOR:C-G6
./fcc_src/.stack-work/ghci/5de83fcc/cabal_macros.h:60: MINOR:C-L2
./fcc_src/.stack-work/ghci/5de83fcc/cabal_macros.h:60: MINOR:C-L3
./fcc_src/.stack-work/ghci/5de83fcc/cabal_macros.h:61: MINOR:C-G6
./fcc_src/.stack-work/ghci/5de83fcc/cabal_macros.h:61: MINOR:C-L2
./fcc_src/.stack-work/ghci/5de83fcc/cabal_macros.h:61: MINOR:C-L3
./fcc_src/.stack-work/ghci/5de83fcc/cabal_macros.h:62: MINOR:C-L2
./fcc_src/.stack-work/ghci/5de83fcc/cabal_macros.h:66: MINOR:C-G3
./fcc_src/.stack-work/ghci/5de83fcc/cabal_macros.h:69: MINOR:C-G3
./fcc_src/.stack-work/ghci/5de83fcc/cabal_macros.h:69: MINOR:C-G6
./fcc_src/.stack-work/ghci/5de83fcc/cabal_macros.h:69: MAJOR:C-H3
./fcc_src/.stack-work/ghci/5de83fcc/cabal_macros.h:69: MINOR:C-L3
./fcc_src/.stack-work/ghci/5de83fcc/cabal_macros.h:70: MINOR:C-G6
./fcc_src/.stack-work/ghci/5de83fcc/cabal_macros.h:70: MINOR:C-L2
./fcc_src/.stack-work/ghci/5de83fcc/cabal_macros.h:70: MINOR:C-L3
./fcc_src/.stack-work/ghci/5de83fcc/cabal_macros.h:71: MINOR:C-G6
./fcc_src/.stack-work/ghci/5de83fcc/cabal_macros.h:71: MINOR:C-L2
./fcc_src/.stack-work/ghci/5de83fcc/cabal_macros.h:71: MINOR:C-L3
./fcc_src/.stack-work/ghci/5de83fcc/cabal_macros.h:72: MINOR:C-L2
./fcc_src/.stack-work/ghci/5de83fcc/cabal_macros.h:76: MINOR:C-G3
./fcc_src/.stack-work/ghci/5de83fcc/cabal_macros.h:79: MINOR:C-G3
./fcc_src/.stack-work/ghci/5de83fcc/cabal_macros.h:79: MINOR:C-G6
./fcc_src/.stack-work/ghci/5de83fcc/cabal_macros.h:79: MAJOR:C-H3
./fcc_src/.stack-work/ghci/5de83fcc/cabal_macros.h:79: MINOR:C-L3
./fcc_src/.stack-work/ghci/5de83fcc/cabal_macros.h:80: MINOR:C-G6
./fcc_src/.stack-work/ghci/5de83fcc/cabal_macros.h:80: MINOR:C-L2
./fcc_src/.stack-work/ghci/5de83fcc/cabal_macros.h:80: MINOR:C-L3
./fcc_src/.stack-work/ghci/5de83fcc/cabal_macros.h:81: MINOR:C-G6
./fcc_src/.stack-work/ghci/5de83fcc/cabal_macros.h:81: MINOR:C-L2
./fcc_src/.stack-work/ghci/5de83fcc/cabal_macros.h:81: MINOR:C-L3
./fcc_src/.stack-work/ghci/5de83fcc/cabal_macros.h:82: MINOR:C-L2
./fcc_src/.stack-work/ghci/5de83fcc/cabal_macros.h:86: MINOR:C-G3
./fcc_src/.stack-work/ghci/5de83fcc/cabal_macros.h:89: MINOR:C-G3
./fcc_src/.stack-work/ghci/5de83fcc/cabal_macros.h:89: MINOR:C-G6
./fcc_src/.stack-work/ghci/5de83fcc/cabal_macros.h:89: MAJOR:C-H3
./fcc_src/.stack-work/ghci/5de83fcc/cabal_macros.h:89: MINOR:C-L3
./fcc_src/.stack-work/ghci/5de83fcc/cabal_macros.h:90: MINOR:C-G6
./fcc_src/.stack-work/ghci/5de83fcc/cabal_macros.h:90: MINOR:C-L2
./fcc_src/.stack-work/ghci/5de83fcc/cabal_macros.h:90: MINOR:C-L3
./fcc_src/.stack-work/ghci/5de83fcc/cabal_macros.h:91: MINOR:C-G6
./fcc_src/.stack-work/ghci/5de83fcc/cabal_macros.h:91: MINOR:C-L2
./fcc_src/.stack-work/ghci/5de83fcc/cabal_macros.h:91: MINOR:C-L3
./fcc_src/.stack-work/ghci/5de83fcc/cabal_macros.h:92: MINOR:C-L2
./fcc_src/.stack-work/ghci/5de83fcc/cabal_macros.h:96: MINOR:C-G3
./fcc_src/.stack-work/ghci/5de83fcc/cabal_macros.h:99: MINOR:C-G3
./fcc_src/.stack-work/ghci/5de83fcc/cabal_macros.h:99: MINOR:C-G6
./fcc_src/.stack-work/ghci/5de83fcc/cabal_macros.h:99: MAJOR:C-H3
./fcc_src/.stack-work/ghci/5de83fcc/cabal_macros.h:99: MINOR:C-L3
./fcc_src/.stack-work/ghci/5de83fcc/cabal_macros.h:100: MINOR:C-G6
./fcc_src/.stack-work/ghci/5de83fcc/cabal_macros.h:100: MINOR:C-L2
./fcc_src/.stack-work/ghci/5de83fcc/cabal_macros.h:100: MINOR:C-L3
./fcc_src/.stack-work/ghci/5de83fcc/cabal_macros.h:101: MINOR:C-G6
./fcc_src/.stack-work/ghci/5de83fcc/cabal_macros.h:101: MINOR:C-L2
./fcc_src/.stack-work/ghci/5de83fcc/cabal_macros.h:101: MINOR:C-L3
./fcc_src/.stack-work/ghci/5de83fcc/cabal_macros.h:102: MINOR:C-L2
./fcc_src/.stack-work/ghci/5de83fcc/cabal_macros.h:106: MINOR:C-G3
./fcc_src/.stack-work/ghci/5de83fcc/cabal_macros.h:109: MINOR:C-G3
./fcc_src/.stack-work/ghci/5de83fcc/cabal_macros.h:109: MINOR:C-G6
./fcc_src/.stack-work/ghci/5de83fcc/cabal_macros.h:109: MAJOR:C-H3
./fcc_src/.stack-work/ghci/5de83fcc/cabal_macros.h:109: MINOR:C-L3
./fcc_src/.stack-work/ghci/5de83fcc/cabal_macros.h:110: MINOR:C-G6
./fcc_src/.stack-work/ghci/5de83fcc/cabal_macros.h:110: MINOR:C-L2
./fcc_src/.stack-work/ghci/5de83fcc/cabal_macros.h:110: MINOR:C-L3
./fcc_src/.stack-work/ghci/5de83fcc/cabal_macros.h:111: MINOR:C-G6
./fcc_src/.stack-work/ghci/5de83fcc/cabal_macros.h:111: MINOR:C-L2
./fcc_src/.stack-work/ghci/5de83fcc/cabal_macros.h:111: MINOR:C-L3
./fcc_src/.stack-work/ghci/5de83fcc/cabal_macros.h:112: MINOR:C-L2
./fcc_src/.stack-work/ghci/5de83fcc/cabal_macros.h:116: MINOR:C-G3
./fcc_src/.stack-work/ghci/5de83fcc/cabal_macros.h:119: MINOR:C-G3
./fcc_src/.stack-work/ghci/5de83fcc/cabal_macros.h:119: MINOR:C-G6
./fcc_src/.stack-work/ghci/5de83fcc/cabal_macros.h:119: MAJOR:C-H3
./fcc_src/.stack-work/ghci/5de83fcc/cabal_macros.h:119: MINOR:C-L3
./fcc_src/.stack-work/ghci/5de83fcc/cabal_macros.h:120: MINOR:C-G6
./fcc_src/.stack-work/ghci/5de83fcc/cabal_macros.h:120: MINOR:C-L2
./fcc_src/.stack-work/ghci/5de83fcc/cabal_macros.h:120: MINOR:C-L3
./fcc_src/.stack-work/ghci/5de83fcc/cabal_macros.h:121: MINOR:C-G6
./fcc_src/.stack-work/ghci/5de83fcc/cabal_macros.h:121: MINOR:C-L2
./fcc_src/.stack-work/ghci/5de83fcc/cabal_macros.h:121: MINOR:C-L3
./fcc_src/.stack-work/ghci/5de83fcc/cabal_macros.h:122: MINOR:C-L2
./fcc_src/.stack-work/ghci/5de83fcc/cabal_macros.h:126: MINOR:C-G3
./fcc_src/.stack-work/ghci/5de83fcc/cabal_macros.h:129: MINOR:C-G3
./fcc_src/.stack-work/ghci/5de83fcc/cabal_macros.h:129: MINOR:C-G6
./fcc_src/.stack-work/ghci/5de83fcc/cabal_macros.h:129: MAJOR:C-H3
./fcc_src/.stack-work/ghci/5de83fcc/cabal_macros.h:129: MINOR:C-L3
./fcc_src/.stack-work/ghci/5de83fcc/cabal_macros.h:130: MINOR:C-G6
./fcc_src/.stack-work/ghci/5de83fcc/cabal_macros.h:130: MINOR:C-L2
./fcc_src/.stack-work/ghci/5de83fcc/cabal_macros.h:130: MINOR:C-L3
./fcc_src/.stack-work/ghci/5de83fcc/cabal_macros.h:131: MINOR:C-G6
./fcc_src/.stack-work/ghci/5de83fcc/cabal_macros.h:131: MINOR:C-L2
./fcc_src/.stack-work/ghci/5de83fcc/cabal_macros.h:131: MINOR:C-L3
./fcc_src/.stack-work/ghci/5de83fcc/cabal_macros.h:132: MINOR:C-L2
./fcc_src/.stack-work/ghci/5de83fcc/cabal_macros.h:136: MINOR:C-G3
./fcc_src/.stack-work/ghci/5de83fcc/cabal_macros.h:139: MINOR:C-G3
./fcc_src/.stack-work/ghci/5de83fcc/cabal_macros.h:139: MINOR:C-G6
./fcc_src/.stack-work/ghci/5de83fcc/cabal_macros.h:139: MAJOR:C-H3
./fcc_src/.stack-work/ghci/5de83fcc/cabal_macros.h:139: MINOR:C-L3
./fcc_src/.stack-work/ghci/5de83fcc/cabal_macros.h:140: MINOR:C-G6
./fcc_src/.stack-work/ghci/5de83fcc/cabal_macros.h:140: MINOR:C-L2
./fcc_src/.stack-work/ghci/5de83fcc/cabal_macros.h:140: MINOR:C-L3
./fcc_src/.stack-work/ghci/5de83fcc/cabal_macros.h:141: MINOR:C-G6
./fcc_src/.stack-work/ghci/5de83fcc/cabal_macros.h:141: MINOR:C-L2
./fcc_src/.stack-work/ghci/5de83fcc/cabal_macros.h:141: MINOR:C-L3
./fcc_src/.stack-work/ghci/5de83fcc/cabal_macros.h:142: MINOR:C-L2
./fcc_src/.stack-work/ghci/5de83fcc/cabal_macros.h:146: MINOR:C-G3
./fcc_src/.stack-work/ghci/5de83fcc/cabal_macros.h:149: MINOR:C-G3
./fcc_src/.stack-work/ghci/5de83fcc/cabal_macros.h:149: MINOR:C-G6
./fcc_src/.stack-work/ghci/5de83fcc/cabal_macros.h:149: MAJOR:C-H3
./fcc_src/.stack-work/ghci/5de83fcc/cabal_macros.h:149: MINOR:C-L3
./fcc_src/.stack-work/ghci/5de83fcc/cabal_macros.h:150: MINOR:C-G6
./fcc_src/.stack-work/ghci/5de83fcc/cabal_macros.h:150: MINOR:C-L2
./fcc_src/.stack-work/ghci/5de83fcc/cabal_macros.h:150: MINOR:C-L3
./fcc_src/.stack-work/ghci/5de83fcc/cabal_macros.h:151: MINOR:C-G6
./fcc_src/.stack-work/ghci/5de83fcc/cabal_macros.h:151: MINOR:C-L2
./fcc_src/.stack-work/ghci/5de83fcc/cabal_macros.h:151: MINOR:C-L3
./fcc_src/.stack-work/ghci/5de83fcc/cabal_macros.h:152: MINOR:C-L2
./fcc_src/.stack-work/ghci/5de83fcc/cabal_macros.h:156: MINOR:C-G3
./fcc_src/.stack-work/ghci/5de83fcc/cabal_macros.h:159: MINOR:C-G3
./fcc_src/.stack-work/ghci/5de83fcc/cabal_macros.h:159: MINOR:C-G6
./fcc_src/.stack-work/ghci/5de83fcc/cabal_macros.h:159: MAJOR:C-H3
./fcc_src/.stack-work/ghci/5de83fcc/cabal_macros.h:159: MINOR:C-L3
./fcc_src/.stack-work/ghci/5de83fcc/cabal_macros.h:160: MINOR:C-G6
./fcc_src/.stack-work/ghci/5de83fcc/cabal_macros.h:160: MINOR:C-L2
./fcc_src/.stack-work/ghci/5de83fcc/cabal_macros.h:160: MINOR:C-L3
./fcc_src/.stack-work/ghci/5de83fcc/cabal_macros.h:161: MINOR:C-G6
./fcc_src/.stack-work/ghci/5de83fcc/cabal_macros.h:161: MINOR:C-L2
./fcc_src/.stack-work/ghci/5de83fcc/cabal_macros.h:161: MINOR:C-L3
./fcc_src/.stack-work/ghci/5de83fcc/cabal_macros.h:162: MINOR:C-L2
./fcc_src/.stack-work/ghci/5de83fcc/cabal_macros.h:166: MINOR:C-G3
./fcc_src/.stack-work/ghci/5de83fcc/cabal_macros.h:169: MINOR:C-G3
./fcc_src/.stack-work/ghci/898b9f4e/cabal_macros.h:1: MINOR:C-G1
./fcc_src/.stack-work/ghci/898b9f4e/cabal_macros.h:1: MAJOR:C-H2
./fcc_src/.stack-work/ghci/898b9f4e/cabal_macros.h:5: MINOR:C-G3
./fcc_src/.stack-work/ghci/898b9f4e/cabal_macros.h:8: MINOR:C-G3
./fcc_src/.stack-work/ghci/898b9f4e/cabal_macros.h:8: MINOR:C-G6
./fcc_src/.stack-work/ghci/898b9f4e/cabal_macros.h:8: MAJOR:C-H3
./fcc_src/.stack-work/ghci/898b9f4e/cabal_macros.h:8: MINOR:C-L3
./fcc_src/.stack-work/ghci/898b9f4e/cabal_macros.h:9: MINOR:C-G6
./fcc_src/.stack-work/ghci/898b9f4e/cabal_macros.h:9: MINOR:C-L2
./fcc_src/.stack-work/ghci/898b9f4e/cabal_macros.h:9: MINOR:C-L3
./fcc_src/.stack-work/ghci/898b9f4e/cabal_macros.h:10: MINOR:C-G6
./fcc_src/.stack-work/ghci/898b9f4e/cabal_macros.h:10: MINOR:C-L2
./fcc_src/.stack-work/ghci/898b9f4e/cabal_macros.h:10: MINOR:C-L3
./fcc_src/.stack-work/ghci/898b9f4e/cabal_macros.h:11: MINOR:C-L2
./fcc_src/.stack-work/ghci/898b9f4e/cabal_macros.h:15: MINOR:C-G3
./fcc_src/.stack-work/ghci/898b9f4e/cabal_macros.h:18: MINOR:C-G3
./fcc_src/.stack-work/ghci/898b9f4e/cabal_macros.h:18: MINOR:C-G6
./fcc_src/.stack-work/ghci/898b9f4e/cabal_macros.h:18: MAJOR:C-H3
./fcc_src/.stack-work/ghci/898b9f4e/cabal_macros.h:18: MINOR:C-L3
./fcc_src/.stack-work/ghci/898b9f4e/cabal_macros.h:19: MINOR:C-G6
./fcc_src/.stack-work/ghci/898b9f4e/cabal_macros.h:19: MINOR:C-L2
./fcc_src/.stack-work/ghci/898b9f4e/cabal_macros.h:19: MINOR:C-L3
./fcc_src/.stack-work/ghci/898b9f4e/cabal_macros.h:20: MINOR:C-G6
./fcc_src/.stack-work/ghci/898b9f4e/cabal_macros.h:20: MINOR:C-L2
./fcc_src/.stack-work/ghci/898b9f4e/cabal_macros.h:20: MINOR:C-L3
./fcc_src/.stack-work/ghci/898b9f4e/cabal_macros.h:21: MINOR:C-L2
./fcc_src/.stack-work/ghci/898b9f4e/cabal_macros.h:25: MINOR:C-G3
./fcc_src/.stack-work/ghci/898b9f4e/cabal_macros.h:28: MINOR:C-G3
./fcc_src/.stack-work/ghci/898b9f4e/cabal_macros.h:28: MINOR:C-G6
./fcc_src/.stack-work/ghci/898b9f4e/cabal_macros.h:28: MAJOR:C-H3
./fcc_src/.stack-work/ghci/898b9f4e/cabal_macros.h:28: MINOR:C-L3
./fcc_src/.stack-work/ghci/898b9f4e/cabal_macros.h:29: MINOR:C-G6
./fcc_src/.stack-work/ghci/898b9f4e/cabal_macros.h:29: MINOR:C-L2
./fcc_src/.stack-work/ghci/898b9f4e/cabal_macros.h:29: MINOR:C-L3
./fcc_src/.stack-work/ghci/898b9f4e/cabal_macros.h:30: MINOR:C-G6
./fcc_src/.stack-work/ghci/898b9f4e/cabal_macros.h:30: MINOR:C-L2
./fcc_src/.stack-work/ghci/898b9f4e/cabal_macros.h:30: MINOR:C-L3
./fcc_src/.stack-work/ghci/898b9f4e/cabal_macros.h:31: MINOR:C-L2
./fcc_src/.stack-work/ghci/898b9f4e/cabal_macros.h:36: MINOR:C-G3
./fcc_src/.stack-work/ghci/898b9f4e/cabal_macros.h:39: MINOR:C-G3
./fcc_src/.stack-work/ghci/898b9f4e/cabal_macros.h:39: MINOR:C-G6
./fcc_src/.stack-work/ghci/898b9f4e/cabal_macros.h:39: MAJOR:C-H3
./fcc_src/.stack-work/ghci/898b9f4e/cabal_macros.h:39: MINOR:C-L3
./fcc_src/.stack-work/ghci/898b9f4e/cabal_macros.h:40: MINOR:C-G6
./fcc_src/.stack-work/ghci/898b9f4e/cabal_macros.h:40: MINOR:C-L2
./fcc_src/.stack-work/ghci/898b9f4e/cabal_macros.h:40: MINOR:C-L3
./fcc_src/.stack-work/ghci/898b9f4e/cabal_macros.h:41: MINOR:C-G6
./fcc_src/.stack-work/ghci/898b9f4e/cabal_macros.h:41: MINOR:C-L2
./fcc_src/.stack-work/ghci/898b9f4e/cabal_macros.h:41: MINOR:C-L3
./fcc_src/.stack-work/ghci/898b9f4e/cabal_macros.h:42: MINOR:C-L2
./fcc_src/.stack-work/ghci/898b9f4e/cabal_macros.h:46: MINOR:C-G3
./fcc_src/.stack-work/ghci/898b9f4e/cabal_macros.h:49: MINOR:C-G3
./fcc_src/.stack-work/ghci/898b9f4e/cabal_macros.h:49: MINOR:C-G6
./fcc_src/.stack-work/ghci/898b9f4e/cabal_macros.h:49: MAJOR:C-H3
./fcc_src/.stack-work/ghci/898b9f4e/cabal_macros.h:49: MINOR:C-L3
./fcc_src/.stack-work/ghci/898b9f4e/cabal_macros.h:50: MINOR:C-G6
./fcc_src/.stack-work/ghci/898b9f4e/cabal_macros.h:50: MINOR:C-L2
./fcc_src/.stack-work/ghci/898b9f4e/cabal_macros.h:50: MINOR:C-L3
./fcc_src/.stack-work/ghci/898b9f4e/cabal_macros.h:51: MINOR:C-G6
./fcc_src/.stack-work/ghci/898b9f4e/cabal_macros.h:51: MINOR:C-L2
./fcc_src/.stack-work/ghci/898b9f4e/cabal_macros.h:51: MINOR:C-L3
./fcc_src/.stack-work/ghci/898b9f4e/cabal_macros.h:52: MINOR:C-L2
./fcc_src/.stack-work/ghci/898b9f4e/cabal_macros.h:56: MINOR:C-G3
./fcc_src/.stack-work/ghci/898b9f4e/cabal_macros.h:59: MINOR:C-G3
./fcc_src/.stack-work/ghci/898b9f4e/cabal_macros.h:59: MINOR:C-G6
./fcc_src/.stack-work/ghci/898b9f4e/cabal_macros.h:59: MAJOR:C-H3
./fcc_src/.stack-work/ghci/898b9f4e/cabal_macros.h:59: MINOR:C-L3
./fcc_src/.stack-work/ghci/898b9f4e/cabal_macros.h:60: MINOR:C-G6
./fcc_src/.stack-work/ghci/898b9f4e/cabal_macros.h:60: MINOR:C-L2
./fcc_src/.stack-work/ghci/898b9f4e/cabal_macros.h:60: MINOR:C-L3
./fcc_src/.stack-work/ghci/898b9f4e/cabal_macros.h:61: MINOR:C-G6
./fcc_src/.stack-work/ghci/898b9f4e/cabal_macros.h:61: MINOR:C-L2
./fcc_src/.stack-work/ghci/898b9f4e/cabal_macros.h:61: MINOR:C-L3
./fcc_src/.stack-work/ghci/898b9f4e/cabal_macros.h:62: MINOR:C-L2
./fcc_src/.stack-work/ghci/898b9f4e/cabal_macros.h:66: MINOR:C-G3
./fcc_src/.stack-work/ghci/898b9f4e/cabal_macros.h:69: MINOR:C-G3
./fcc_src/.stack-work/ghci/898b9f4e/cabal_macros.h:69: MINOR:C-G6
./fcc_src/.stack-work/ghci/898b9f4e/cabal_macros.h:69: MAJOR:C-H3
./fcc_src/.stack-work/ghci/898b9f4e/cabal_macros.h:69: MINOR:C-L3
./fcc_src/.stack-work/ghci/898b9f4e/cabal_macros.h:70: MINOR:C-G6
./fcc_src/.stack-work/ghci/898b9f4e/cabal_macros.h:70: MINOR:C-L2
./fcc_src/.stack-work/ghci/898b9f4e/cabal_macros.h:70: MINOR:C-L3
./fcc_src/.stack-work/ghci/898b9f4e/cabal_macros.h:71: MINOR:C-G6
./fcc_src/.stack-work/ghci/898b9f4e/cabal_macros.h:71: MINOR:C-L2
./fcc_src/.stack-work/ghci/898b9f4e/cabal_macros.h:71: MINOR:C-L3
./fcc_src/.stack-work/ghci/898b9f4e/cabal_macros.h:72: MINOR:C-L2
./fcc_src/.stack-work/ghci/898b9f4e/cabal_macros.h:76: MINOR:C-G3
./fcc_src/.stack-work/ghci/898b9f4e/cabal_macros.h:79: MINOR:C-G3
./fcc_src/.stack-work/ghci/898b9f4e/cabal_macros.h:79: MINOR:C-G6
./fcc_src/.stack-work/ghci/898b9f4e/cabal_macros.h:79: MAJOR:C-H3
./fcc_src/.stack-work/ghci/898b9f4e/cabal_macros.h:79: MINOR:C-L3
./fcc_src/.stack-work/ghci/898b9f4e/cabal_macros.h:80: MINOR:C-G6
./fcc_src/.stack-work/ghci/898b9f4e/cabal_macros.h:80: MINOR:C-L2
./fcc_src/.stack-work/ghci/898b9f4e/cabal_macros.h:80: MINOR:C-L3
./fcc_src/.stack-work/ghci/898b9f4e/cabal_macros.h:81: MINOR:C-G6
./fcc_src/.stack-work/ghci/898b9f4e/cabal_macros.h:81: MINOR:C-L2
./fcc_src/.stack-work/ghci/898b9f4e/cabal_macros.h:81: MINOR:C-L3
./fcc_src/.stack-work/ghci/898b9f4e/cabal_macros.h:82: MINOR:C-L2
./fcc_src/.stack-work/ghci/898b9f4e/cabal_macros.h:86: MINOR:C-G3
./fcc_src/.stack-work/ghci/898b9f4e/cabal_macros.h:89: MINOR:C-G3
./fcc_src/.stack-work/ghci/898b9f4e/cabal_macros.h:89: MINOR:C-G6
./fcc_src/.stack-work/ghci/898b9f4e/cabal_macros.h:89: MAJOR:C-H3
./fcc_src/.stack-work/ghci/898b9f4e/cabal_macros.h:89: MINOR:C-L3
./fcc_src/.stack-work/ghci/898b9f4e/cabal_macros.h:90: MINOR:C-G6
./fcc_src/.stack-work/ghci/898b9f4e/cabal_macros.h:90: MINOR:C-L2
./fcc_src/.stack-work/ghci/898b9f4e/cabal_macros.h:90: MINOR:C-L3
./fcc_src/.stack-work/ghci/898b9f4e/cabal_macros.h:91: MINOR:C-G6
./fcc_src/.stack-work/ghci/898b9f4e/cabal_macros.h:91: MINOR:C-L2
./fcc_src/.stack-work/ghci/898b9f4e/cabal_macros.h:91: MINOR:C-L3
./fcc_src/.stack-work/ghci/898b9f4e/cabal_macros.h:92: MINOR:C-L2
./fcc_src/.stack-work/ghci/898b9f4e/cabal_macros.h:96: MINOR:C-G3
./fcc_src/.stack-work/ghci/898b9f4e/cabal_macros.h:99: MINOR:C-G3
./fcc_src/.stack-work/ghci/898b9f4e/cabal_macros.h:99: MINOR:C-G6
./fcc_src/.stack-work/ghci/898b9f4e/cabal_macros.h:99: MAJOR:C-H3
./fcc_src/.stack-work/ghci/898b9f4e/cabal_macros.h:99: MINOR:C-L3
./fcc_src/.stack-work/ghci/898b9f4e/cabal_macros.h:100: MINOR:C-G6
./fcc_src/.stack-work/ghci/898b9f4e/cabal_macros.h:100: MINOR:C-L2
./fcc_src/.stack-work/ghci/898b9f4e/cabal_macros.h:100: MINOR:C-L3
./fcc_src/.stack-work/ghci/898b9f4e/cabal_macros.h:101: MINOR:C-G6
./fcc_src/.stack-work/ghci/898b9f4e/cabal_macros.h:101: MINOR:C-L2
./fcc_src/.stack-work/ghci/898b9f4e/cabal_macros.h:101: MINOR:C-L3
./fcc_src/.stack-work/ghci/898b9f4e/cabal_macros.h:102: MINOR:C-L2
./fcc_src/.stack-work/ghci/898b9f4e/cabal_macros.h:106: MINOR:C-G3
./fcc_src/.stack-work/ghci/898b9f4e/cabal_macros.h:109: MINOR:C-G3
./fcc_src/.stack-work/ghci/898b9f4e/cabal_macros.h:109: MINOR:C-G6
./fcc_src/.stack-work/ghci/898b9f4e/cabal_macros.h:109: MAJOR:C-H3
./fcc_src/.stack-work/ghci/898b9f4e/cabal_macros.h:109: MINOR:C-L3
./fcc_src/.stack-work/ghci/898b9f4e/cabal_macros.h:110: MINOR:C-G6
./fcc_src/.stack-work/ghci/898b9f4e/cabal_macros.h:110: MINOR:C-L2
./fcc_src/.stack-work/ghci/898b9f4e/cabal_macros.h:110: MINOR:C-L3
./fcc_src/.stack-work/ghci/898b9f4e/cabal_macros.h:111: MINOR:C-G6
./fcc_src/.stack-work/ghci/898b9f4e/cabal_macros.h:111: MINOR:C-L2
./fcc_src/.stack-work/ghci/898b9f4e/cabal_macros.h:111: MINOR:C-L3
./fcc_src/.stack-work/ghci/898b9f4e/cabal_macros.h:112: MINOR:C-L2
./fcc_src/.stack-work/ghci/898b9f4e/cabal_macros.h:116: MINOR:C-G3
./fcc_src/.stack-work/ghci/898b9f4e/cabal_macros.h:119: MINOR:C-G3
./fcc_src/.stack-work/ghci/898b9f4e/cabal_macros.h:119: MINOR:C-G6
./fcc_src/.stack-work/ghci/898b9f4e/cabal_macros.h:119: MAJOR:C-H3
./fcc_src/.stack-work/ghci/898b9f4e/cabal_macros.h:119: MINOR:C-L3
./fcc_src/.stack-work/ghci/898b9f4e/cabal_macros.h:120: MINOR:C-G6
./fcc_src/.stack-work/ghci/898b9f4e/cabal_macros.h:120: MINOR:C-L2
./fcc_src/.stack-work/ghci/898b9f4e/cabal_macros.h:120: MINOR:C-L3
./fcc_src/.stack-work/ghci/898b9f4e/cabal_macros.h:121: MINOR:C-G6
./fcc_src/.stack-work/ghci/898b9f4e/cabal_macros.h:121: MINOR:C-L2
./fcc_src/.stack-work/ghci/898b9f4e/cabal_macros.h:121: MINOR:C-L3
./fcc_src/.stack-work/ghci/898b9f4e/cabal_macros.h:122: MINOR:C-L2
./fcc_src/.stack-work/ghci/898b9f4e/cabal_macros.h:126: MINOR:C-G3
./fcc_src/.stack-work/ghci/898b9f4e/cabal_macros.h:129: MINOR:C-G3
./fcc_src/.stack-work/ghci/898b9f4e/cabal_macros.h:129: MINOR:C-G6
./fcc_src/.stack-work/ghci/898b9f4e/cabal_macros.h:129: MAJOR:C-H3
./fcc_src/.stack-work/ghci/898b9f4e/cabal_macros.h:129: MINOR:C-L3
./fcc_src/.stack-work/ghci/898b9f4e/cabal_macros.h:130: MINOR:C-G6
./fcc_src/.stack-work/ghci/898b9f4e/cabal_macros.h:130: MINOR:C-L2
./fcc_src/.stack-work/ghci/898b9f4e/cabal_macros.h:130: MINOR:C-L3
./fcc_src/.stack-work/ghci/898b9f4e/cabal_macros.h:131: MINOR:C-G6
./fcc_src/.stack-work/ghci/898b9f4e/cabal_macros.h:131: MINOR:C-L2
./fcc_src/.stack-work/ghci/898b9f4e/cabal_macros.h:131: MINOR:C-L3
./fcc_src/.stack-work/ghci/898b9f4e/cabal_macros.h:132: MINOR:C-L2
./fcc_src/.stack-work/ghci/898b9f4e/cabal_macros.h:136: MINOR:C-G3
./fcc_src/.stack-work/ghci/898b9f4e/cabal_macros.h:139: MINOR:C-G3
./fcc_src/.stack-work/ghci/898b9f4e/cabal_macros.h:139: MINOR:C-G6
./fcc_src/.stack-work/ghci/898b9f4e/cabal_macros.h:139: MAJOR:C-H3
./fcc_src/.stack-work/ghci/898b9f4e/cabal_macros.h:139: MINOR:C-L3
./fcc_src/.stack-work/ghci/898b9f4e/cabal_macros.h:140: MINOR:C-G6
./fcc_src/.stack-work/ghci/898b9f4e/cabal_macros.h:140: MINOR:C-L2
./fcc_src/.stack-work/ghci/898b9f4e/cabal_macros.h:140: MINOR:C-L3
./fcc_src/.stack-work/ghci/898b9f4e/cabal_macros.h:141: MINOR:C-G6
./fcc_src/.stack-work/ghci/898b9f4e/cabal_macros.h:141: MINOR:C-L2
./fcc_src/.stack-work/ghci/898b9f4e/cabal_macros.h:141: MINOR:C-L3
./fcc_src/.stack-work/ghci/898b9f4e/cabal_macros.h:142: MINOR:C-L2
./fcc_src/.stack-work/ghci/898b9f4e/cabal_macros.h:146: MINOR:C-G3
./fcc_src/.stack-work/ghci/898b9f4e/cabal_macros.h:149: MINOR:C-G3
./fcc_src/.stack-work/ghci/898b9f4e/cabal_macros.h:149: MINOR:C-G6
./fcc_src/.stack-work/ghci/898b9f4e/cabal_macros.h:149: MAJOR:C-H3
./fcc_src/.stack-work/ghci/898b9f4e/cabal_macros.h:149: MINOR:C-L3
./fcc_src/.stack-work/ghci/898b9f4e/cabal_macros.h:150: MINOR:C-G6
./fcc_src/.stack-work/ghci/898b9f4e/cabal_macros.h:150: MINOR:C-L2
./fcc_src/.stack-work/ghci/898b9f4e/cabal_macros.h:150: MINOR:C-L3
./fcc_src/.stack-work/ghci/898b9f4e/cabal_macros.h:151: MINOR:C-G6
./fcc_src/.stack-work/ghci/898b9f4e/cabal_macros.h:151: MINOR:C-L2
./fcc_src/.stack-work/ghci/898b9f4e/cabal_macros.h:151: MINOR:C-L3
./fcc_src/.stack-work/ghci/898b9f4e/cabal_macros.h:152: MINOR:C-L2
./fcc_src/.stack-work/ghci/898b9f4e/cabal_macros.h:156: MINOR:C-G3
./fcc_src/.stack-work/ghci/898b9f4e/cabal_macros.h:159: MINOR:C-G3
./fcc_src/.stack-work/ghci/898b9f4e/cabal_macros.h:162: MINOR:C-G3
./fcc_src/.stack-work/ghci/898b9f4e/cabal_macros.h:171: MINOR:C-G3
./fcc_src/.stack-work/ghci/898b9f4e/cabal_macros.h:174: MINOR:C-G3
./fcc_src/.stack-work/ghci/898b9f4e/cabal_macros.h:174: MINOR:C-G6
./fcc_src/.stack-work/ghci/898b9f4e/cabal_macros.h:174: MAJOR:C-H3
./fcc_src/.stack-work/ghci/898b9f4e/cabal_macros.h:174: MINOR:C-L3
./fcc_src/.stack-work/ghci/898b9f4e/cabal_macros.h:175: MINOR:C-G6
./fcc_src/.stack-work/ghci/898b9f4e/cabal_macros.h:175: MINOR:C-L2
./fcc_src/.stack-work/ghci/898b9f4e/cabal_macros.h:175: MINOR:C-L3
./fcc_src/.stack-work/ghci/898b9f4e/cabal_macros.h:176: MINOR:C-G6
./fcc_src/.stack-work/ghci/898b9f4e/cabal_macros.h:176: MINOR:C-L2
./fcc_src/.stack-work/ghci/898b9f4e/cabal_macros.h:176: MINOR:C-L3
./fcc_src/.stack-work/ghci/898b9f4e/cabal_macros.h:177: MINOR:C-L2
./fcc_src/.stack-work/ghci/898b9f4e/cabal_macros.h:181: MINOR:C-G3
./fcc_src/.stack-work/ghci/898b9f4e/cabal_macros.h:184: MINOR:C-G3
./fcc_src/.stack-work/ghci/898b9f4e/cabal_macros.h:184: MINOR:C-G6
./fcc_src/.stack-work/ghci/898b9f4e/cabal_macros.h:184: MAJOR:C-H3
./fcc_src/.stack-work/ghci/898b9f4e/cabal_macros.h:184: MINOR:C-L3
./fcc_src/.stack-work/ghci/898b9f4e/cabal_macros.h:185: MINOR:C-G6
./fcc_src/.stack-work/ghci/898b9f4e/cabal_macros.h:185: MINOR:C-L2
./fcc_src/.stack-work/ghci/898b9f4e/cabal_macros.h:185: MINOR:C-L3
./fcc_src/.stack-work/ghci/898b9f4e/cabal_macros.h:186: MINOR:C-G6
./fcc_src/.stack-work/ghci/898b9f4e/cabal_macros.h:186: MINOR:C-L2
./fcc_src/.stack-work/ghci/898b9f4e/cabal_macros.h:186: MINOR:C-L3
./fcc_src/.stack-work/ghci/898b9f4e/cabal_macros.h:187: MINOR:C-L2
./fcc_src/.stack-work/ghci/898b9f4e/cabal_macros.h:191: MINOR:C-G3
./fcc_src/.stack-work/ghci/898b9f4e/cabal_macros.h:194: MINOR:C-G3
./fcc_src/.stack-work/ghci/898b9f4e/cabal_macros.h:194: MINOR:C-G6
./fcc_src/.stack-work/ghci/898b9f4e/cabal_macros.h:194: MAJOR:C-H3
./fcc_src/.stack-work/ghci/898b9f4e/cabal_macros.h:194: MINOR:C-L3
./fcc_src/.stack-work/ghci/898b9f4e/cabal_macros.h:195: MINOR:C-G6
./fcc_src/.stack-work/ghci/898b9f4e/cabal_macros.h:195: MINOR:C-L2
./fcc_src/.stack-work/ghci/898b9f4e/cabal_macros.h:195: MINOR:C-L3
./fcc_src/.stack-work/ghci/898b9f4e/cabal_macros.h:196: MINOR:C-G6
./fcc_src/.stack-work/ghci/898b9f4e/cabal_macros.h:196: MINOR:C-L2
./fcc_src/.stack-work/ghci/898b9f4e/cabal_macros.h:196: MINOR:C-L3
./fcc_src/.stack-work/ghci/898b9f4e/cabal_macros.h:197: MINOR:C-L2
./fcc_src/.stack-work/ghci/898b9f4e/cabal_macros.h:201: MINOR:C-G3
./fcc_src/.stack-work/ghci/898b9f4e/cabal_macros.h:204: MINOR:C-G3
./fcc_src/.stack-work/ghci/898b9f4e/cabal_macros.h:204: MINOR:C-G6
./fcc_src/.stack-work/ghci/898b9f4e/cabal_macros.h:204: MAJOR:C-H3
./fcc_src/.stack-work/ghci/898b9f4e/cabal_macros.h:204: MINOR:C-L3
./fcc_src/.stack-work/ghci/898b9f4e/cabal_macros.h:205: MINOR:C-G6
./fcc_src/.stack-work/ghci/898b9f4e/cabal_macros.h:205: MINOR:C-L2
./fcc_src/.stack-work/ghci/898b9f4e/cabal_macros.h:205: MINOR:C-L3
./fcc_src/.stack-work/ghci/898b9f4e/cabal_macros.h:206: MINOR:C-G6
./fcc_src/.stack-work/ghci/898b9f4e/cabal_macros.h:206: MINOR:C-L2
./fcc_src/.stack-work/ghci/898b9f4e/cabal_macros.h:206: MINOR:C-L3
./fcc_src/.stack-work/ghci/898b9f4e/cabal_macros.h:207: MINOR:C-L2
./fcc_src/.stack-work/ghci/898b9f4e/cabal_macros.h:212: MINOR:C-G3
./fcc_src/.stack-work/ghci/898b9f4e/cabal_macros.h:215: MINOR:C-G3
./fcc_src/.stack-work/ghci/898b9f4e/cabal_macros.h:215: MINOR:C-G6
./fcc_src/.stack-work/ghci/898b9f4e/cabal_macros.h:215: MAJOR:C-H3
./fcc_src/.stack-work/ghci/898b9f4e/cabal_macros.h:215: MINOR:C-L3
./fcc_src/.stack-work/ghci/898b9f4e/cabal_macros.h:216: MINOR:C-G6
./fcc_src/.stack-work/ghci/898b9f4e/cabal_macros.h:216: MINOR:C-L2
./fcc_src/.stack-work/ghci/898b9f4e/cabal_macros.h:216: MINOR:C-L3
./fcc_src/.stack-work/ghci/898b9f4e/cabal_macros.h:217: MINOR:C-G6
./fcc_src/.stack-work/ghci/898b9f4e/cabal_macros.h:217: MINOR:C-L2
./fcc_src/.stack-work/ghci/898b9f4e/cabal_macros.h:217: MINOR:C-L3
./fcc_src/.stack-work/ghci/898b9f4e/cabal_macros.h:218: MINOR:C-L2
./fcc_src/.stack-work/ghci/898b9f4e/cabal_macros.h:222: MINOR:C-G3
./fcc_src/.stack-work/ghci/898b9f4e/cabal_macros.h:225: MINOR:C-G3
./fcc_src/.stack-work/ghci/898b9f4e/cabal_macros.h:225: MINOR:C-G6
./fcc_src/.stack-work/ghci/898b9f4e/cabal_macros.h:225: MAJOR:C-H3
./fcc_src/.stack-work/ghci/898b9f4e/cabal_macros.h:225: MINOR:C-L3
./fcc_src/.stack-work/ghci/898b9f4e/cabal_macros.h:226: MINOR:C-G6
./fcc_src/.stack-work/ghci/898b9f4e/cabal_macros.h:226: MINOR:C-L2
./fcc_src/.stack-work/ghci/898b9f4e/cabal_macros.h:226: MINOR:C-L3
./fcc_src/.stack-work/ghci/898b9f4e/cabal_macros.h:227: MINOR:C-G6
./fcc_src/.stack-work/ghci/898b9f4e/cabal_macros.h:227: MINOR:C-L2
./fcc_src/.stack-work/ghci/898b9f4e/cabal_macros.h:227: MINOR:C-L3
./fcc_src/.stack-work/ghci/898b9f4e/cabal_macros.h:228: MINOR:C-L2
./fcc_src/.stack-work/ghci/898b9f4e/cabal_macros.h:232: MINOR:C-G3
./fcc_src/.stack-work/ghci/898b9f4e/cabal_macros.h:235: MINOR:C-G3
./fcc_src/.stack-work/ghci/898b9f4e/cabal_macros.h:235: MINOR:C-G6
./fcc_src/.stack-work/ghci/898b9f4e/cabal_macros.h:235: MAJOR:C-H3
./fcc_src/.stack-work/ghci/898b9f4e/cabal_macros.h:235: MINOR:C-L3
./fcc_src/.stack-work/ghci/898b9f4e/cabal_macros.h:236: MINOR:C-G6
./fcc_src/.stack-work/ghci/898b9f4e/cabal_macros.h:236: MINOR:C-L2
./fcc_src/.stack-work/ghci/898b9f4e/cabal_macros.h:236: MINOR:C-L3
./fcc_src/.stack-work/ghci/898b9f4e/cabal_macros.h:237: MINOR:C-G6
./fcc_src/.stack-work/ghci/898b9f4e/cabal_macros.h:237: MINOR:C-L2
./fcc_src/.stack-work/ghci/898b9f4e/cabal_macros.h:237: MINOR:C-L3
./fcc_src/.stack-work/ghci/898b9f4e/cabal_macros.h:238: MINOR:C-L2
./fcc_src/.stack-work/ghci/898b9f4e/cabal_macros.h:242: MINOR:C-G3
./fcc_src/.stack-work/ghci/898b9f4e/cabal_macros.h:245: MINOR:C-G3
./fcc_src/.stack-work/ghci/898b9f4e/cabal_macros.h:245: MINOR:C-G6
./fcc_src/.stack-work/ghci/898b9f4e/cabal_macros.h:245: MAJOR:C-H3
./fcc_src/.stack-work/ghci/898b9f4e/cabal_macros.h:245: MINOR:C-L3
./fcc_src/.stack-work/ghci/898b9f4e/cabal_macros.h:246: MINOR:C-G6
./fcc_src/.stack-work/ghci/898b9f4e/cabal_macros.h:246: MINOR:C-L2
./fcc_src/.stack-work/ghci/898b9f4e/cabal_macros.h:246: MINOR:C-L3
./fcc_src/.stack-work/ghci/898b9f4e/cabal_macros.h:247: MINOR:C-G6
./fcc_src/.stack-work/ghci/898b9f4e/cabal_macros.h:247: MINOR:C-L2
./fcc_src/.stack-work/ghci/898b9f4e/cabal_macros.h:247: MINOR:C-L3
./fcc_src/.stack-work/ghci/898b9f4e/cabal_macros.h:248: MINOR:C-L2
./fcc_src/.stack-work/ghci/898b9f4e/cabal_macros.h:252: MINOR:C-G3
./fcc_src/.stack-work/ghci/898b9f4e/cabal_macros.h:255: MINOR:C-G3
./fcc_src/.stack-work/ghci/898b9f4e/cabal_macros.h:255: MINOR:C-G6
./fcc_src/.stack-work/ghci/898b9f4e/cabal_macros.h:255: MAJOR:C-H3
./fcc_src/.stack-work/ghci/898b9f4e/cabal_macros.h:255: MINOR:C-L3
./fcc_src/.stack-work/ghci/898b9f4e/cabal_macros.h:256: MINOR:C-G6
./fcc_src/.stack-work/ghci/898b9f4e/cabal_macros.h:256: MINOR:C-L2
./fcc_src/.stack-work/ghci/898b9f4e/cabal_macros.h:256: MINOR:C-L3
./fcc_src/.stack-work/ghci/898b9f4e/cabal_macros.h:257: MINOR:C-G6
./fcc_src/.stack-work/ghci/898b9f4e/cabal_macros.h:257: MINOR:C-L2
./fcc_src/.stack-work/ghci/898b9f4e/cabal_macros.h:257: MINOR:C-L3
./fcc_src/.stack-work/ghci/898b9f4e/cabal_macros.h:258: MINOR:C-L2
./fcc_src/.stack-work/ghci/898b9f4e/cabal_macros.h:262: MINOR:C-G3
./fcc_src/.stack-work/ghci/898b9f4e/cabal_macros.h:265: MINOR:C-G3
./fcc_src/.stack-work/ghci/898b9f4e/cabal_macros.h:265: MINOR:C-G6
./fcc_src/.stack-work/ghci/898b9f4e/cabal_macros.h:265: MAJOR:C-H3
./fcc_src/.stack-work/ghci/898b9f4e/cabal_macros.h:265: MINOR:C-L3
./fcc_src/.stack-work/ghci/898b9f4e/cabal_macros.h:266: MINOR:C-G6
./fcc_src/.stack-work/ghci/898b9f4e/cabal_macros.h:266: MINOR:C-L2
./fcc_src/.stack-work/ghci/898b9f4e/cabal_macros.h:266: MINOR:C-L3
./fcc_src/.stack-work/ghci/898b9f4e/cabal_macros.h:267: MINOR:C-G6
./fcc_src/.stack-work/ghci/898b9f4e/cabal_macros.h:267: MINOR:C-L2
./fcc_src/.stack-work/ghci/898b9f4e/cabal_macros.h:267: MINOR:C-L3
./fcc_src/.stack-work/ghci/898b9f4e/cabal_macros.h:268: MINOR:C-L2
./fcc_src/.stack-work/ghci/898b9f4e/cabal_macros.h:272: MINOR:C-G3
./fcc_src/.stack-work/ghci/898b9f4e/cabal_macros.h:275: MINOR:C-G3
./fcc_src/.stack-work/ghci/898b9f4e/cabal_macros.h:275: MINOR:C-G6
./fcc_src/.stack-work/ghci/898b9f4e/cabal_macros.h:275: MAJOR:C-H3
./fcc_src/.stack-work/ghci/898b9f4e/cabal_macros.h:275: MINOR:C-L3
./fcc_src/.stack-work/ghci/898b9f4e/cabal_macros.h:276: MINOR:C-G6
./fcc_src/.stack-work/ghci/898b9f4e/cabal_macros.h:276: MINOR:C-L2
./fcc_src/.stack-work/ghci/898b9f4e/cabal_macros.h:276: MINOR:C-L3
./fcc_src/.stack-work/ghci/898b9f4e/cabal_macros.h:277: MINOR:C-G6
./fcc_src/.stack-work/ghci/898b9f4e/cabal_macros.h:277: MINOR:C-L2
./fcc_src/.stack-work/ghci/898b9f4e/cabal_macros.h:277: MINOR:C-L3
./fcc_src/.stack-work/ghci/898b9f4e/cabal_macros.h:278: MINOR:C-L2
./fcc_src/.stack-work/ghci/898b9f4e/cabal_macros.h:282: MINOR:C-G3
./fcc_src/.stack-work/ghci/898b9f4e/cabal_macros.h:285: MINOR:C-G3
./fcc_src/.stack-work/ghci/898b9f4e/cabal_macros.h:285: MINOR:C-G6
./fcc_src/.stack-work/ghci/898b9f4e/cabal_macros.h:285: MAJOR:C-H3
./fcc_src/.stack-work/ghci/898b9f4e/cabal_macros.h:285: MINOR:C-L3
./fcc_src/.stack-work/ghci/898b9f4e/cabal_macros.h:286: MINOR:C-G6
./fcc_src/.stack-work/ghci/898b9f4e/cabal_macros.h:286: MINOR:C-L2
./fcc_src/.stack-work/ghci/898b9f4e/cabal_macros.h:286: MINOR:C-L3
./fcc_src/.stack-work/ghci/898b9f4e/cabal_macros.h:287: MINOR:C-G6
./fcc_src/.stack-work/ghci/898b9f4e/cabal_macros.h:287: MINOR:C-L2
./fcc_src/.stack-work/ghci/898b9f4e/cabal_macros.h:287: MINOR:C-L3
./fcc_src/.stack-work/ghci/898b9f4e/cabal_macros.h:288: MINOR:C-L2
./fcc_src/.stack-work/ghci/898b9f4e/cabal_macros.h:292: MINOR:C-G3
./fcc_src/.stack-work/ghci/898b9f4e/cabal_macros.h:295: MINOR:C-G3
./fcc_src/.stack-work/ghci/898b9f4e/cabal_macros.h:295: MINOR:C-G6
./fcc_src/.stack-work/ghci/898b9f4e/cabal_macros.h:295: MAJOR:C-H3
./fcc_src/.stack-work/ghci/898b9f4e/cabal_macros.h:295: MINOR:C-L3
./fcc_src/.stack-work/ghci/898b9f4e/cabal_macros.h:296: MINOR:C-G6
./fcc_src/.stack-work/ghci/898b9f4e/cabal_macros.h:296: MINOR:C-L2
./fcc_src/.stack-work/ghci/898b9f4e/cabal_macros.h:296: MINOR:C-L3
./fcc_src/.stack-work/ghci/898b9f4e/cabal_macros.h:297: MINOR:C-G6
./fcc_src/.stack-work/ghci/898b9f4e/cabal_macros.h:297: MINOR:C-L2
./fcc_src/.stack-work/ghci/898b9f4e/cabal_macros.h:297: MINOR:C-L3
./fcc_src/.stack-work/ghci/898b9f4e/cabal_macros.h:298: MINOR:C-L2
./fcc_src/.stack-work/ghci/898b9f4e/cabal_macros.h:302: MINOR:C-G3
./fcc_src/.stack-work/ghci/898b9f4e/cabal_macros.h:305: MINOR:C-G3
./fcc_src/.stack-work/ghci/898b9f4e/cabal_macros.h:305: MINOR:C-G6
./fcc_src/.stack-work/ghci/898b9f4e/cabal_macros.h:305: MAJOR:C-H3
./fcc_src/.stack-work/ghci/898b9f4e/cabal_macros.h:305: MINOR:C-L3
./fcc_src/.stack-work/ghci/898b9f4e/cabal_macros.h:306: MINOR:C-G6
./fcc_src/.stack-work/ghci/898b9f4e/cabal_macros.h:306: MINOR:C-L2
./fcc_src/.stack-work/ghci/898b9f4e/cabal_macros.h:306: MINOR:C-L3
./fcc_src/.stack-work/ghci/898b9f4e/cabal_macros.h:307: MINOR:C-G6
./fcc_src/.stack-work/ghci/898b9f4e/cabal_macros.h:307: MINOR:C-L2
./fcc_src/.stack-work/ghci/898b9f4e/cabal_macros.h:307: MINOR:C-L3
./fcc_src/.stack-work/ghci/898b9f4e/cabal_macros.h:308: MINOR:C-L2
./fcc_src/.stack-work/ghci/898b9f4e/cabal_macros.h:312: MINOR:C-G3
./fcc_src/.stack-work/ghci/898b9f4e/cabal_macros.h:315: MINOR:C-G3
./fcc_src/.stack-work/ghci/898b9f4e/cabal_macros.h:315: MINOR:C-G6
./fcc_src/.stack-work/ghci/898b9f4e/cabal_macros.h:315: MAJOR:C-H3
./fcc_src/.stack-work/ghci/898b9f4e/cabal_macros.h:315: MINOR:C-L3
./fcc_src/.stack-work/ghci/898b9f4e/cabal_macros.h:316: MINOR:C-G6
./fcc_src/.stack-work/ghci/898b9f4e/cabal_macros.h:316: MINOR:C-L2
./fcc_src/.stack-work/ghci/898b9f4e/cabal_macros.h:316: MINOR:C-L3
./fcc_src/.stack-work/ghci/898b9f4e/cabal_macros.h:317: MINOR:C-G6
./fcc_src/.stack-work/ghci/898b9f4e/cabal_macros.h:317: MINOR:C-L2
./fcc_src/.stack-work/ghci/898b9f4e/cabal_macros.h:317: MINOR:C-L3
./fcc_src/.stack-work/ghci/898b9f4e/cabal_macros.h:318: MINOR:C-L2
./fcc_src/.stack-work/ghci/898b9f4e/cabal_macros.h:322: MINOR:C-G3
./fcc_src/.stack-work/ghci/898b9f4e/cabal_macros.h:325: MINOR:C-G3
./fcc_src/.stack-work/ghci/898b9f4e/cabal_macros.h:325: MINOR:C-G6
./fcc_src/.stack-work/ghci/898b9f4e/cabal_macros.h:325: MAJOR:C-H3
./fcc_src/.stack-work/ghci/898b9f4e/cabal_macros.h:325: MINOR:C-L3
./fcc_src/.stack-work/ghci/898b9f4e/cabal_macros.h:326: MINOR:C-G6
./fcc_src/.stack-work/ghci/898b9f4e/cabal_macros.h:326: MINOR:C-L2
./fcc_src/.stack-work/ghci/898b9f4e/cabal_macros.h:326: MINOR:C-L3
./fcc_src/.stack-work/ghci/898b9f4e/cabal_macros.h:327: MINOR:C-G6
./fcc_src/.stack-work/ghci/898b9f4e/cabal_macros.h:327: MINOR:C-L2
./fcc_src/.stack-work/ghci/898b9f4e/cabal_macros.h:327: MINOR:C-L3
./fcc_src/.stack-work/ghci/898b9f4e/cabal_macros.h:328: MINOR:C-L2
./fcc_src/.stack-work/ghci/898b9f4e/cabal_macros.h:332: MINOR:C-G3
./fcc_src/.stack-work/ghci/898b9f4e/cabal_macros.h:335: MINOR:C-G3
./fcc_src/.stack-work/ghci/a3aefb4a/cabal_macros.h:1: MINOR:C-G1
./fcc_src/.stack-work/ghci/a3aefb4a/cabal_macros.h:1: MAJOR:C-H2
./fcc_src/.stack-work/ghci/a3aefb4a/cabal_macros.h:5: MINOR:C-G3
./fcc_src/.stack-work/ghci/a3aefb4a/cabal_macros.h:8: MINOR:C-G3
./fcc_src/.stack-work/ghci/a3aefb4a/cabal_macros.h:8: MINOR:C-G6
./fcc_src/.stack-work/ghci/a3aefb4a/cabal_macros.h:8: MAJOR:C-H3
./fcc_src/.stack-work/ghci/a3aefb4a/cabal_macros.h:8: MINOR:C-L3
./fcc_src/.stack-work/ghci/a3aefb4a/cabal_macros.h:9: MINOR:C-G6
./fcc_src/.stack-work/ghci/a3aefb4a/cabal_macros.h:9: MINOR:C-L2
./fcc_src/.stack-work/ghci/a3aefb4a/cabal_macros.h:9: MINOR:C-L3
./fcc_src/.stack-work/ghci/a3aefb4a/cabal_macros.h:10: MINOR:C-G6
./fcc_src/.stack-work/ghci/a3aefb4a/cabal_macros.h:10: MINOR:C-L2
./fcc_src/.stack-work/ghci/a3aefb4a/cabal_macros.h:10: MINOR:C-L3
./fcc_src/.stack-work/ghci/a3aefb4a/cabal_macros.h:11: MINOR:C-L2
./fcc_src/.stack-work/ghci/a3aefb4a/cabal_macros.h:15: MINOR:C-G3
./fcc_src/.stack-work/ghci/a3aefb4a/cabal_macros.h:18: MINOR:C-G3
./fcc_src/.stack-work/ghci/a3aefb4a/cabal_macros.h:18: MINOR:C-G6
./fcc_src/.stack-work/ghci/a3aefb4a/cabal_macros.h:18: MAJOR:C-H3
./fcc_src/.stack-work/ghci/a3aefb4a/cabal_macros.h:18: MINOR:C-L3
./fcc_src/.stack-work/ghci/a3aefb4a/cabal_macros.h:19: MINOR:C-G6
./fcc_src/.stack-work/ghci/a3aefb4a/cabal_macros.h:19: MINOR:C-L2
./fcc_src/.stack-work/ghci/a3aefb4a/cabal_macros.h:19: MINOR:C-L3
./fcc_src/.stack-work/ghci/a3aefb4a/cabal_macros.h:20: MINOR:C-G6
./fcc_src/.stack-work/ghci/a3aefb4a/cabal_macros.h:20: MINOR:C-L2
./fcc_src/.stack-work/ghci/a3aefb4a/cabal_macros.h:20: MINOR:C-L3
./fcc_src/.stack-work/ghci/a3aefb4a/cabal_macros.h:21: MINOR:C-L2
./fcc_src/.stack-work/ghci/a3aefb4a/cabal_macros.h:25: MINOR:C-G3
./fcc_src/.stack-work/ghci/a3aefb4a/cabal_macros.h:28: MINOR:C-G3
./fcc_src/.stack-work/ghci/a3aefb4a/cabal_macros.h:28: MINOR:C-G6
./fcc_src/.stack-work/ghci/a3aefb4a/cabal_macros.h:28: MAJOR:C-H3
./fcc_src/.stack-work/ghci/a3aefb4a/cabal_macros.h:28: MINOR:C-L3
./fcc_src/.stack-work/ghci/a3aefb4a/cabal_macros.h:29: MINOR:C-G6
./fcc_src/.stack-work/ghci/a3aefb4a/cabal_macros.h:29: MINOR:C-L2
./fcc_src/.stack-work/ghci/a3aefb4a/cabal_macros.h:29: MINOR:C-L3
./fcc_src/.stack-work/ghci/a3aefb4a/cabal_macros.h:30: MINOR:C-G6
./fcc_src/.stack-work/ghci/a3aefb4a/cabal_macros.h:30: MINOR:C-L2
./fcc_src/.stack-work/ghci/a3aefb4a/cabal_macros.h:30: MINOR:C-L3
./fcc_src/.stack-work/ghci/a3aefb4a/cabal_macros.h:31: MINOR:C-L2
./fcc_src/.stack-work/ghci/a3aefb4a/cabal_macros.h:36: MINOR:C-G3
./fcc_src/.stack-work/ghci/a3aefb4a/cabal_macros.h:39: MINOR:C-G3
./fcc_src/.stack-work/ghci/a3aefb4a/cabal_macros.h:39: MINOR:C-G6
./fcc_src/.stack-work/ghci/a3aefb4a/cabal_macros.h:39: MAJOR:C-H3
./fcc_src/.stack-work/ghci/a3aefb4a/cabal_macros.h:39: MINOR:C-L3
./fcc_src/.stack-work/ghci/a3aefb4a/cabal_macros.h:40: MINOR:C-G6
./fcc_src/.stack-work/ghci/a3aefb4a/cabal_macros.h:40: MINOR:C-L2
./fcc_src/.stack-work/ghci/a3aefb4a/cabal_macros.h:40: MINOR:C-L3
./fcc_src/.stack-work/ghci/a3aefb4a/cabal_macros.h:41: MINOR:C-G6
./fcc_src/.stack-work/ghci/a3aefb4a/cabal_macros.h:41: MINOR:C-L2
./fcc_src/.stack-work/ghci/a3aefb4a/cabal_macros.h:41: MINOR:C-L3
./fcc_src/.stack-work/ghci/a3aefb4a/cabal_macros.h:42: MINOR:C-L2
./fcc_src/.stack-work/ghci/a3aefb4a/cabal_macros.h:46: MINOR:C-G3
./fcc_src/.stack-work/ghci/a3aefb4a/cabal_macros.h:49: MINOR:C-G3
./fcc_src/.stack-work/ghci/a3aefb4a/cabal_macros.h:49: MINOR:C-G6
./fcc_src/.stack-work/ghci/a3aefb4a/cabal_macros.h:49: MAJOR:C-H3
./fcc_src/.stack-work/ghci/a3aefb4a/cabal_macros.h:49: MINOR:C-L3
./fcc_src/.stack-work/ghci/a3aefb4a/cabal_macros.h:50: MINOR:C-G6
./fcc_src/.stack-work/ghci/a3aefb4a/cabal_macros.h:50: MINOR:C-L2
./fcc_src/.stack-work/ghci/a3aefb4a/cabal_macros.h:50: MINOR:C-L3
./fcc_src/.stack-work/ghci/a3aefb4a/cabal_macros.h:51: MINOR:C-G6
./fcc_src/.stack-work/ghci/a3aefb4a/cabal_macros.h:51: MINOR:C-L2
./fcc_src/.stack-work/ghci/a3aefb4a/cabal_macros.h:51: MINOR:C-L3
./fcc_src/.stack-work/ghci/a3aefb4a/cabal_macros.h:52: MINOR:C-L2
./fcc_src/.stack-work/ghci/a3aefb4a/cabal_macros.h:56: MINOR:C-G3
./fcc_src/.stack-work/ghci/a3aefb4a/cabal_macros.h:59: MINOR:C-G3
./fcc_src/.stack-work/ghci/a3aefb4a/cabal_macros.h:59: MINOR:C-G6
./fcc_src/.stack-work/ghci/a3aefb4a/cabal_macros.h:59: MAJOR:C-H3
./fcc_src/.stack-work/ghci/a3aefb4a/cabal_macros.h:59: MINOR:C-L3
./fcc_src/.stack-work/ghci/a3aefb4a/cabal_macros.h:60: MINOR:C-G6
./fcc_src/.stack-work/ghci/a3aefb4a/cabal_macros.h:60: MINOR:C-L2
./fcc_src/.stack-work/ghci/a3aefb4a/cabal_macros.h:60: MINOR:C-L3
./fcc_src/.stack-work/ghci/a3aefb4a/cabal_macros.h:61: MINOR:C-G6
./fcc_src/.stack-work/ghci/a3aefb4a/cabal_macros.h:61: MINOR:C-L2
./fcc_src/.stack-work/ghci/a3aefb4a/cabal_macros.h:61: MINOR:C-L3
./fcc_src/.stack-work/ghci/a3aefb4a/cabal_macros.h:62: MINOR:C-L2
./fcc_src/.stack-work/ghci/a3aefb4a/cabal_macros.h:66: MINOR:C-G3
./fcc_src/.stack-work/ghci/a3aefb4a/cabal_macros.h:69: MINOR:C-G3
./fcc_src/.stack-work/ghci/a3aefb4a/cabal_macros.h:69: MINOR:C-G6
./fcc_src/.stack-work/ghci/a3aefb4a/cabal_macros.h:69: MAJOR:C-H3
./fcc_src/.stack-work/ghci/a3aefb4a/cabal_macros.h:69: MINOR:C-L3
./fcc_src/.stack-work/ghci/a3aefb4a/cabal_macros.h:70: MINOR:C-G6
./fcc_src/.stack-work/ghci/a3aefb4a/cabal_macros.h:70: MINOR:C-L2
./fcc_src/.stack-work/ghci/a3aefb4a/cabal_macros.h:70: MINOR:C-L3
./fcc_src/.stack-work/ghci/a3aefb4a/cabal_macros.h:71: MINOR:C-G6
./fcc_src/.stack-work/ghci/a3aefb4a/cabal_macros.h:71: MINOR:C-L2
./fcc_src/.stack-work/ghci/a3aefb4a/cabal_macros.h:71: MINOR:C-L3
./fcc_src/.stack-work/ghci/a3aefb4a/cabal_macros.h:72: MINOR:C-L2
./fcc_src/.stack-work/ghci/a3aefb4a/cabal_macros.h:76: MINOR:C-G3
./fcc_src/.stack-work/ghci/a3aefb4a/cabal_macros.h:79: MINOR:C-G3
./fcc_src/.stack-work/ghci/a3aefb4a/cabal_macros.h:79: MINOR:C-G6
./fcc_src/.stack-work/ghci/a3aefb4a/cabal_macros.h:79: MAJOR:C-H3
./fcc_src/.stack-work/ghci/a3aefb4a/cabal_macros.h:79: MINOR:C-L3
./fcc_src/.stack-work/ghci/a3aefb4a/cabal_macros.h:80: MINOR:C-G6
./fcc_src/.stack-work/ghci/a3aefb4a/cabal_macros.h:80: MINOR:C-L2
./fcc_src/.stack-work/ghci/a3aefb4a/cabal_macros.h:80: MINOR:C-L3
./fcc_src/.stack-work/ghci/a3aefb4a/cabal_macros.h:81: MINOR:C-G6
./fcc_src/.stack-work/ghci/a3aefb4a/cabal_macros.h:81: MINOR:C-L2
./fcc_src/.stack-work/ghci/a3aefb4a/cabal_macros.h:81: MINOR:C-L3
./fcc_src/.stack-work/ghci/a3aefb4a/cabal_macros.h:82: MINOR:C-L2
./fcc_src/.stack-work/ghci/a3aefb4a/cabal_macros.h:86: MINOR:C-G3
./fcc_src/.stack-work/ghci/a3aefb4a/cabal_macros.h:89: MINOR:C-G3
./fcc_src/.stack-work/ghci/a3aefb4a/cabal_macros.h:89: MINOR:C-G6
./fcc_src/.stack-work/ghci/a3aefb4a/cabal_macros.h:89: MAJOR:C-H3
./fcc_src/.stack-work/ghci/a3aefb4a/cabal_macros.h:89: MINOR:C-L3
./fcc_src/.stack-work/ghci/a3aefb4a/cabal_macros.h:90: MINOR:C-G6
./fcc_src/.stack-work/ghci/a3aefb4a/cabal_macros.h:90: MINOR:C-L2
./fcc_src/.stack-work/ghci/a3aefb4a/cabal_macros.h:90: MINOR:C-L3
./fcc_src/.stack-work/ghci/a3aefb4a/cabal_macros.h:91: MINOR:C-G6
./fcc_src/.stack-work/ghci/a3aefb4a/cabal_macros.h:91: MINOR:C-L2
./fcc_src/.stack-work/ghci/a3aefb4a/cabal_macros.h:91: MINOR:C-L3
./fcc_src/.stack-work/ghci/a3aefb4a/cabal_macros.h:92: MINOR:C-L2
./fcc_src/.stack-work/ghci/a3aefb4a/cabal_macros.h:96: MINOR:C-G3
./fcc_src/.stack-work/ghci/a3aefb4a/cabal_macros.h:99: MINOR:C-G3
./fcc_src/.stack-work/ghci/a3aefb4a/cabal_macros.h:99: MINOR:C-G6
./fcc_src/.stack-work/ghci/a3aefb4a/cabal_macros.h:99: MAJOR:C-H3
./fcc_src/.stack-work/ghci/a3aefb4a/cabal_macros.h:99: MINOR:C-L3
./fcc_src/.stack-work/ghci/a3aefb4a/cabal_macros.h:100: MINOR:C-G6
./fcc_src/.stack-work/ghci/a3aefb4a/cabal_macros.h:100: MINOR:C-L2
./fcc_src/.stack-work/ghci/a3aefb4a/cabal_macros.h:100: MINOR:C-L3
./fcc_src/.stack-work/ghci/a3aefb4a/cabal_macros.h:101: MINOR:C-G6
./fcc_src/.stack-work/ghci/a3aefb4a/cabal_macros.h:101: MINOR:C-L2
./fcc_src/.stack-work/ghci/a3aefb4a/cabal_macros.h:101: MINOR:C-L3
./fcc_src/.stack-work/ghci/a3aefb4a/cabal_macros.h:102: MINOR:C-L2
./fcc_src/.stack-work/ghci/a3aefb4a/cabal_macros.h:106: MINOR:C-G3
./fcc_src/.stack-work/ghci/a3aefb4a/cabal_macros.h:109: MINOR:C-G3
./fcc_src/.stack-work/ghci/a3aefb4a/cabal_macros.h:109: MINOR:C-G6
./fcc_src/.stack-work/ghci/a3aefb4a/cabal_macros.h:109: MAJOR:C-H3
./fcc_src/.stack-work/ghci/a3aefb4a/cabal_macros.h:109: MINOR:C-L3
./fcc_src/.stack-work/ghci/a3aefb4a/cabal_macros.h:110: MINOR:C-G6
./fcc_src/.stack-work/ghci/a3aefb4a/cabal_macros.h:110: MINOR:C-L2
./fcc_src/.stack-work/ghci/a3aefb4a/cabal_macros.h:110: MINOR:C-L3
./fcc_src/.stack-work/ghci/a3aefb4a/cabal_macros.h:111: MINOR:C-G6
./fcc_src/.stack-work/ghci/a3aefb4a/cabal_macros.h:111: MINOR:C-L2
./fcc_src/.stack-work/ghci/a3aefb4a/cabal_macros.h:111: MINOR:C-L3
./fcc_src/.stack-work/ghci/a3aefb4a/cabal_macros.h:112: MINOR:C-L2
./fcc_src/.stack-work/ghci/a3aefb4a/cabal_macros.h:116: MINOR:C-G3
./fcc_src/.stack-work/ghci/a3aefb4a/cabal_macros.h:119: MINOR:C-G3
./fcc_src/.stack-work/ghci/a3aefb4a/cabal_macros.h:119: MINOR:C-G6
./fcc_src/.stack-work/ghci/a3aefb4a/cabal_macros.h:119: MAJOR:C-H3
./fcc_src/.stack-work/ghci/a3aefb4a/cabal_macros.h:119: MINOR:C-L3
./fcc_src/.stack-work/ghci/a3aefb4a/cabal_macros.h:120: MINOR:C-G6
./fcc_src/.stack-work/ghci/a3aefb4a/cabal_macros.h:120: MINOR:C-L2
./fcc_src/.stack-work/ghci/a3aefb4a/cabal_macros.h:120: MINOR:C-L3
./fcc_src/.stack-work/ghci/a3aefb4a/cabal_macros.h:121: MINOR:C-G6
./fcc_src/.stack-work/ghci/a3aefb4a/cabal_macros.h:121: MINOR:C-L2
./fcc_src/.stack-work/ghci/a3aefb4a/cabal_macros.h:121: MINOR:C-L3
./fcc_src/.stack-work/ghci/a3aefb4a/cabal_macros.h:122: MINOR:C-L2
./fcc_src/.stack-work/ghci/a3aefb4a/cabal_macros.h:126: MINOR:C-G3
./fcc_src/.stack-work/ghci/a3aefb4a/cabal_macros.h:129: MINOR:C-G3
./fcc_src/.stack-work/ghci/a3aefb4a/cabal_macros.h:129: MINOR:C-G6
./fcc_src/.stack-work/ghci/a3aefb4a/cabal_macros.h:129: MAJOR:C-H3
./fcc_src/.stack-work/ghci/a3aefb4a/cabal_macros.h:129: MINOR:C-L3
./fcc_src/.stack-work/ghci/a3aefb4a/cabal_macros.h:130: MINOR:C-G6
./fcc_src/.stack-work/ghci/a3aefb4a/cabal_macros.h:130: MINOR:C-L2
./fcc_src/.stack-work/ghci/a3aefb4a/cabal_macros.h:130: MINOR:C-L3
./fcc_src/.stack-work/ghci/a3aefb4a/cabal_macros.h:131: MINOR:C-G6
./fcc_src/.stack-work/ghci/a3aefb4a/cabal_macros.h:131: MINOR:C-L2
./fcc_src/.stack-work/ghci/a3aefb4a/cabal_macros.h:131: MINOR:C-L3
./fcc_src/.stack-work/ghci/a3aefb4a/cabal_macros.h:132: MINOR:C-L2
./fcc_src/.stack-work/ghci/a3aefb4a/cabal_macros.h:136: MINOR:C-G3
./fcc_src/.stack-work/ghci/a3aefb4a/cabal_macros.h:139: MINOR:C-G3
./fcc_src/.stack-work/ghci/a3aefb4a/cabal_macros.h:139: MINOR:C-G6
./fcc_src/.stack-work/ghci/a3aefb4a/cabal_macros.h:139: MAJOR:C-H3
./fcc_src/.stack-work/ghci/a3aefb4a/cabal_macros.h:139: MINOR:C-L3
./fcc_src/.stack-work/ghci/a3aefb4a/cabal_macros.h:140: MINOR:C-G6
./fcc_src/.stack-work/ghci/a3aefb4a/cabal_macros.h:140: MINOR:C-L2
./fcc_src/.stack-work/ghci/a3aefb4a/cabal_macros.h:140: MINOR:C-L3
./fcc_src/.stack-work/ghci/a3aefb4a/cabal_macros.h:141: MINOR:C-G6
./fcc_src/.stack-work/ghci/a3aefb4a/cabal_macros.h:141: MINOR:C-L2
./fcc_src/.stack-work/ghci/a3aefb4a/cabal_macros.h:141: MINOR:C-L3
./fcc_src/.stack-work/ghci/a3aefb4a/cabal_macros.h:142: MINOR:C-L2
./fcc_src/.stack-work/ghci/a3aefb4a/cabal_macros.h:146: MINOR:C-G3
./fcc_src/.stack-work/ghci/a3aefb4a/cabal_macros.h:149: MINOR:C-G3
./fcc_src/.stack-work/ghci/a3aefb4a/cabal_macros.h:149: MINOR:C-G6
./fcc_src/.stack-work/ghci/a3aefb4a/cabal_macros.h:149: MAJOR:C-H3
./fcc_src/.stack-work/ghci/a3aefb4a/cabal_macros.h:149: MINOR:C-L3
./fcc_src/.stack-work/ghci/a3aefb4a/cabal_macros.h:150: MINOR:C-G6
./fcc_src/.stack-work/ghci/a3aefb4a/cabal_macros.h:150: MINOR:C-L2
./fcc_src/.stack-work/ghci/a3aefb4a/cabal_macros.h:150: MINOR:C-L3
./fcc_src/.stack-work/ghci/a3aefb4a/cabal_macros.h:151: MINOR:C-G6
./fcc_src/.stack-work/ghci/a3aefb4a/cabal_macros.h:151: MINOR:C-L2
./fcc_src/.stack-work/ghci/a3aefb4a/cabal_macros.h:151: MINOR:C-L3
./fcc_src/.stack-work/ghci/a3aefb4a/cabal_macros.h:152: MINOR:C-L2
./fcc_src/.stack-work/ghci/a3aefb4a/cabal_macros.h:156: MINOR:C-G3
./fcc_src/.stack-work/ghci/a3aefb4a/cabal_macros.h:159: MINOR:C-G3
./fcc_src/.stack-work/ghci/a3aefb4a/cabal_macros.h:162: MINOR:C-G3
./fcc_src/.stack-work/install/x86_64-linux/0916c85c59ecc6382b16e5c76a783e8c666d6186e8ab640552b1ba2974c55a1a/9.10.2/bin/fcc-exe:1: MAJOR:C-O1
./fcc_src/.stack-work/install/x86_64-linux/0916c85c59ecc6382b16e5c76a783e8c666d6186e8ab640552b1ba2974c55a1a/9.10.2/lib/x86_64-linux-ghc-9.10.2-d434/fcc-0.1.0.0-1kQgyunoPj25d38PagcJUT/libHSfcc-0.1.0.0-1kQgyunoPj25d38PagcJUT.a:1: MAJOR:C-O1
./fcc_src/.stack-work/install/x86_64-linux/0916c85c59ecc6382b16e5c76a783e8c666d6186e8ab640552b1ba2974c55a1a/9.10.2/lib/x86_64-linux-ghc-9.10.2-d434/libHSfcc-0.1.0.0-1kQgyunoPj25d38PagcJUT-ghc9.10.2.so:1: MAJOR:C-O1
./fcc_src/Makefile:1: MINOR:C-G1
./fcvm_src/.stack-work/install/x86_64-linux/0916c85c59ecc6382b16e5c76a783e8c666d6186e8ab640552b1ba2974c55a1a/9.10.2/bin/fcvm-exe:1: MAJOR:C-O1
./fcvm_src/.stack-work/install/x86_64-linux/0916c85c59ecc6382b16e5c76a783e8c666d6186e8ab640552b1ba2974c55a1a/9.10.2/lib/x86_64-linux-ghc-9.10.2-d434/fcvm-0.1.0.0-8HwDLbZ1wzEA2H3Bp29dmi/libHSfcvm-0.1.0.0-8HwDLbZ1wzEA2H3Bp29dmi.a:1: MAJOR:C-O1
./fcvm_src/.stack-work/install/x86_64-linux/0916c85c59ecc6382b16e5c76a783e8c666d6186e8ab640552b1ba2974c55a1a/9.10.2/lib/x86_64-linux-ghc-9.10.2-d434/libHSfcvm-0.1.0.0-8HwDLbZ1wzEA2H3Bp29dmi-ghc9.10.2.so:1: MAJOR:C-O1
./fcvm_src/Makefile:1: MINOR:C-G1
./lisp/.stack-work/ghci/56e6cd28/cabal_macros.h:1: MINOR:C-G1
./lisp/.stack-work/ghci/56e6cd28/cabal_macros.h:1: MAJOR:C-H2
./lisp/.stack-work/ghci/56e6cd28/cabal_macros.h:5: MINOR:C-G3
./lisp/.stack-work/ghci/56e6cd28/cabal_macros.h:8: MINOR:C-G3
./lisp/.stack-work/ghci/56e6cd28/cabal_macros.h:8: MINOR:C-G6
./lisp/.stack-work/ghci/56e6cd28/cabal_macros.h:8: MAJOR:C-H3
./lisp/.stack-work/ghci/56e6cd28/cabal_macros.h:8: MINOR:C-L3
./lisp/.stack-work/ghci/56e6cd28/cabal_macros.h:9: MINOR:C-G6
./lisp/.stack-work/ghci/56e6cd28/cabal_macros.h:9: MINOR:C-L2
./lisp/.stack-work/ghci/56e6cd28/cabal_macros.h:9: MINOR:C-L3
./lisp/.stack-work/ghci/56e6cd28/cabal_macros.h:10: MINOR:C-G6
./lisp/.stack-work/ghci/56e6cd28/cabal_macros.h:10: MINOR:C-L2
./lisp/.stack-work/ghci/56e6cd28/cabal_macros.h:10: MINOR:C-L3
./lisp/.stack-work/ghci/56e6cd28/cabal_macros.h:11: MINOR:C-L2
./lisp/.stack-work/ghci/56e6cd28/cabal_macros.h:15: MINOR:C-G3
./lisp/.stack-work/ghci/56e6cd28/cabal_macros.h:18: MINOR:C-G3
./lisp/.stack-work/ghci/56e6cd28/cabal_macros.h:18: MINOR:C-G6
./lisp/.stack-work/ghci/56e6cd28/cabal_macros.h:18: MAJOR:C-H3
./lisp/.stack-work/ghci/56e6cd28/cabal_macros.h:18: MINOR:C-L3
./lisp/.stack-work/ghci/56e6cd28/cabal_macros.h:19: MINOR:C-G6
./lisp/.stack-work/ghci/56e6cd28/cabal_macros.h:19: MINOR:C-L2
./lisp/.stack-work/ghci/56e6cd28/cabal_macros.h:19: MINOR:C-L3
./lisp/.stack-work/ghci/56e6cd28/cabal_macros.h:20: MINOR:C-G6
./lisp/.stack-work/ghci/56e6cd28/cabal_macros.h:20: MINOR:C-L2
./lisp/.stack-work/ghci/56e6cd28/cabal_macros.h:20: MINOR:C-L3
./lisp/.stack-work/ghci/56e6cd28/cabal_macros.h:21: MINOR:C-L2
./lisp/.stack-work/ghci/56e6cd28/cabal_macros.h:25: MINOR:C-G3
./lisp/.stack-work/ghci/56e6cd28/cabal_macros.h:28: MINOR:C-G3
./lisp/.stack-work/ghci/56e6cd28/cabal_macros.h:28: MINOR:C-G6
./lisp/.stack-work/ghci/56e6cd28/cabal_macros.h:28: MAJOR:C-H3
./lisp/.stack-work/ghci/56e6cd28/cabal_macros.h:28: MINOR:C-L3
./lisp/.stack-work/ghci/56e6cd28/cabal_macros.h:29: MINOR:C-G6
./lisp/.stack-work/ghci/56e6cd28/cabal_macros.h:29: MINOR:C-L2
./lisp/.stack-work/ghci/56e6cd28/cabal_macros.h:29: MINOR:C-L3
./lisp/.stack-work/ghci/56e6cd28/cabal_macros.h:30: MINOR:C-G6
./lisp/.stack-work/ghci/56e6cd28/cabal_macros.h:30: MINOR:C-L2
./lisp/.stack-work/ghci/56e6cd28/cabal_macros.h:30: MINOR:C-L3
./lisp/.stack-work/ghci/56e6cd28/cabal_macros.h:31: MINOR:C-L2
./lisp/.stack-work/ghci/56e6cd28/cabal_macros.h:36: MINOR:C-G3
./lisp/.stack-work/ghci/56e6cd28/cabal_macros.h:39: MINOR:C-G3
./lisp/.stack-work/ghci/56e6cd28/cabal_macros.h:39: MINOR:C-G6
./lisp/.stack-work/ghci/56e6cd28/cabal_macros.h:39: MAJOR:C-H3
./lisp/.stack-work/ghci/56e6cd28/cabal_macros.h:39: MINOR:C-L3
./lisp/.stack-work/ghci/56e6cd28/cabal_macros.h:40: MINOR:C-G6
./lisp/.stack-work/ghci/56e6cd28/cabal_macros.h:40: MINOR:C-L2
./lisp/.stack-work/ghci/56e6cd28/cabal_macros.h:40: MINOR:C-L3
./lisp/.stack-work/ghci/56e6cd28/cabal_macros.h:41: MINOR:C-G6
./lisp/.stack-work/ghci/56e6cd28/cabal_macros.h:41: MINOR:C-L2
./lisp/.stack-work/ghci/56e6cd28/cabal_macros.h:41: MINOR:C-L3
./lisp/.stack-work/ghci/56e6cd28/cabal_macros.h:42: MINOR:C-L2
./lisp/.stack-work/ghci/56e6cd28/cabal_macros.h:46: MINOR:C-G3
./lisp/.stack-work/ghci/56e6cd28/cabal_macros.h:49: MINOR:C-G3
./lisp/.stack-work/ghci/56e6cd28/cabal_macros.h:49: MINOR:C-G6
./lisp/.stack-work/ghci/56e6cd28/cabal_macros.h:49: MAJOR:C-H3
./lisp/.stack-work/ghci/56e6cd28/cabal_macros.h:49: MINOR:C-L3
./lisp/.stack-work/ghci/56e6cd28/cabal_macros.h:50: MINOR:C-G6
./lisp/.stack-work/ghci/56e6cd28/cabal_macros.h:50: MINOR:C-L2
./lisp/.stack-work/ghci/56e6cd28/cabal_macros.h:50: MINOR:C-L3
./lisp/.stack-work/ghci/56e6cd28/cabal_macros.h:51: MINOR:C-G6
./lisp/.stack-work/ghci/56e6cd28/cabal_macros.h:51: MINOR:C-L2
./lisp/.stack-work/ghci/56e6cd28/cabal_macros.h:51: MINOR:C-L3
./lisp/.stack-work/ghci/56e6cd28/cabal_macros.h:52: MINOR:C-L2
./lisp/.stack-work/ghci/56e6cd28/cabal_macros.h:56: MINOR:C-G3
./lisp/.stack-work/ghci/56e6cd28/cabal_macros.h:59: MINOR:C-G3
./lisp/.stack-work/ghci/56e6cd28/cabal_macros.h:59: MINOR:C-G6
./lisp/.stack-work/ghci/56e6cd28/cabal_macros.h:59: MAJOR:C-H3
./lisp/.stack-work/ghci/56e6cd28/cabal_macros.h:59: MINOR:C-L3
./lisp/.stack-work/ghci/56e6cd28/cabal_macros.h:60: MINOR:C-G6
./lisp/.stack-work/ghci/56e6cd28/cabal_macros.h:60: MINOR:C-L2
./lisp/.stack-work/ghci/56e6cd28/cabal_macros.h:60: MINOR:C-L3
./lisp/.stack-work/ghci/56e6cd28/cabal_macros.h:61: MINOR:C-G6
./lisp/.stack-work/ghci/56e6cd28/cabal_macros.h:61: MINOR:C-L2
./lisp/.stack-work/ghci/56e6cd28/cabal_macros.h:61: MINOR:C-L3
./lisp/.stack-work/ghci/56e6cd28/cabal_macros.h:62: MINOR:C-L2
./lisp/.stack-work/ghci/56e6cd28/cabal_macros.h:66: MINOR:C-G3
./lisp/.stack-work/ghci/56e6cd28/cabal_macros.h:69: MINOR:C-G3
./lisp/.stack-work/ghci/56e6cd28/cabal_macros.h:69: MINOR:C-G6
./lisp/.stack-work/ghci/56e6cd28/cabal_macros.h:69: MAJOR:C-H3
./lisp/.stack-work/ghci/56e6cd28/cabal_macros.h:69: MINOR:C-L3
./lisp/.stack-work/ghci/56e6cd28/cabal_macros.h:70: MINOR:C-G6
./lisp/.stack-work/ghci/56e6cd28/cabal_macros.h:70: MINOR:C-L2
./lisp/.stack-work/ghci/56e6cd28/cabal_macros.h:70: MINOR:C-L3
./lisp/.stack-work/ghci/56e6cd28/cabal_macros.h:71: MINOR:C-G6
./lisp/.stack-work/ghci/56e6cd28/cabal_macros.h:71: MINOR:C-L2
./lisp/.stack-work/ghci/56e6cd28/cabal_macros.h:71: MINOR:C-L3
./lisp/.stack-work/ghci/56e6cd28/cabal_macros.h:72: MINOR:C-L2
./lisp/.stack-work/ghci/56e6cd28/cabal_macros.h:76: MINOR:C-G3
./lisp/.stack-work/ghci/56e6cd28/cabal_macros.h:79: MINOR:C-G3
./lisp/.stack-work/ghci/56e6cd28/cabal_macros.h:79: MINOR:C-G6
./lisp/.stack-work/ghci/56e6cd28/cabal_macros.h:79: MAJOR:C-H3
./lisp/.stack-work/ghci/56e6cd28/cabal_macros.h:79: MINOR:C-L3
./lisp/.stack-work/ghci/56e6cd28/cabal_macros.h:80: MINOR:C-G6
./lisp/.stack-work/ghci/56e6cd28/cabal_macros.h:80: MINOR:C-L2
./lisp/.stack-work/ghci/56e6cd28/cabal_macros.h:80: MINOR:C-L3
./lisp/.stack-work/ghci/56e6cd28/cabal_macros.h:81: MINOR:C-G6
./lisp/.stack-work/ghci/56e6cd28/cabal_macros.h:81: MINOR:C-L2
./lisp/.stack-work/ghci/56e6cd28/cabal_macros.h:81: MINOR:C-L3
./lisp/.stack-work/ghci/56e6cd28/cabal_macros.h:82: MINOR:C-L2
./lisp/.stack-work/ghci/56e6cd28/cabal_macros.h:86: MINOR:C-G3
./lisp/.stack-work/ghci/56e6cd28/cabal_macros.h:89: MINOR:C-G3
./lisp/.stack-work/ghci/56e6cd28/cabal_macros.h:89: MINOR:C-G6
./lisp/.stack-work/ghci/56e6cd28/cabal_macros.h:89: MAJOR:C-H3
./lisp/.stack-work/ghci/56e6cd28/cabal_macros.h:89: MINOR:C-L3
./lisp/.stack-work/ghci/56e6cd28/cabal_macros.h:90: MINOR:C-G6
./lisp/.stack-work/ghci/56e6cd28/cabal_macros.h:90: MINOR:C-L2
./lisp/.stack-work/ghci/56e6cd28/cabal_macros.h:90: MINOR:C-L3
./lisp/.stack-work/ghci/56e6cd28/cabal_macros.h:91: MINOR:C-G6
./lisp/.stack-work/ghci/56e6cd28/cabal_macros.h:91: MINOR:C-L2
./lisp/.stack-work/ghci/56e6cd28/cabal_macros.h:91: MINOR:C-L3
./lisp/.stack-work/ghci/56e6cd28/cabal_macros.h:92: MINOR:C-L2
./lisp/.stack-work/ghci/56e6cd28/cabal_macros.h:96: MINOR:C-G3
./lisp/.stack-work/ghci/56e6cd28/cabal_macros.h:99: MINOR:C-G3
./lisp/.stack-work/ghci/56e6cd28/cabal_macros.h:99: MINOR:C-G6
./lisp/.stack-work/ghci/56e6cd28/cabal_macros.h:99: MAJOR:C-H3
./lisp/.stack-work/ghci/56e6cd28/cabal_macros.h:99: MINOR:C-L3
./lisp/.stack-work/ghci/56e6cd28/cabal_macros.h:100: MINOR:C-G6
./lisp/.stack-work/ghci/56e6cd28/cabal_macros.h:100: MINOR:C-L2
./lisp/.stack-work/ghci/56e6cd28/cabal_macros.h:100: MINOR:C-L3
./lisp/.stack-work/ghci/56e6cd28/cabal_macros.h:101: MINOR:C-G6
./lisp/.stack-work/ghci/56e6cd28/cabal_macros.h:101: MINOR:C-L2
./lisp/.stack-work/ghci/56e6cd28/cabal_macros.h:101: MINOR:C-L3
./lisp/.stack-work/ghci/56e6cd28/cabal_macros.h:102: MINOR:C-L2
./lisp/.stack-work/ghci/56e6cd28/cabal_macros.h:106: MINOR:C-G3
./lisp/.stack-work/ghci/56e6cd28/cabal_macros.h:109: MINOR:C-G3
./lisp/.stack-work/ghci/56e6cd28/cabal_macros.h:109: MINOR:C-G6
./lisp/.stack-work/ghci/56e6cd28/cabal_macros.h:109: MAJOR:C-H3
./lisp/.stack-work/ghci/56e6cd28/cabal_macros.h:109: MINOR:C-L3
./lisp/.stack-work/ghci/56e6cd28/cabal_macros.h:110: MINOR:C-G6
./lisp/.stack-work/ghci/56e6cd28/cabal_macros.h:110: MINOR:C-L2
./lisp/.stack-work/ghci/56e6cd28/cabal_macros.h:110: MINOR:C-L3
./lisp/.stack-work/ghci/56e6cd28/cabal_macros.h:111: MINOR:C-G6
./lisp/.stack-work/ghci/56e6cd28/cabal_macros.h:111: MINOR:C-L2
./lisp/.stack-work/ghci/56e6cd28/cabal_macros.h:111: MINOR:C-L3
./lisp/.stack-work/ghci/56e6cd28/cabal_macros.h:112: MINOR:C-L2
./lisp/.stack-work/ghci/56e6cd28/cabal_macros.h:116: MINOR:C-G3
./lisp/.stack-work/ghci/56e6cd28/cabal_macros.h:119: MINOR:C-G3
./lisp/.stack-work/ghci/56e6cd28/cabal_macros.h:119: MINOR:C-G6
./lisp/.stack-work/ghci/56e6cd28/cabal_macros.h:119: MAJOR:C-H3
./lisp/.stack-work/ghci/56e6cd28/cabal_macros.h:119: MINOR:C-L3
./lisp/.stack-work/ghci/56e6cd28/cabal_macros.h:120: MINOR:C-G6
./lisp/.stack-work/ghci/56e6cd28/cabal_macros.h:120: MINOR:C-L2
./lisp/.stack-work/ghci/56e6cd28/cabal_macros.h:120: MINOR:C-L3
./lisp/.stack-work/ghci/56e6cd28/cabal_macros.h:121: MINOR:C-G6
./lisp/.stack-work/ghci/56e6cd28/cabal_macros.h:121: MINOR:C-L2
./lisp/.stack-work/ghci/56e6cd28/cabal_macros.h:121: MINOR:C-L3
./lisp/.stack-work/ghci/56e6cd28/cabal_macros.h:122: MINOR:C-L2
./lisp/.stack-work/ghci/56e6cd28/cabal_macros.h:126: MINOR:C-G3
./lisp/.stack-work/ghci/56e6cd28/cabal_macros.h:129: MINOR:C-G3
./lisp/.stack-work/ghci/56e6cd28/cabal_macros.h:129: MINOR:C-G6
./lisp/.stack-work/ghci/56e6cd28/cabal_macros.h:129: MAJOR:C-H3
./lisp/.stack-work/ghci/56e6cd28/cabal_macros.h:129: MINOR:C-L3
./lisp/.stack-work/ghci/56e6cd28/cabal_macros.h:130: MINOR:C-G6
./lisp/.stack-work/ghci/56e6cd28/cabal_macros.h:130: MINOR:C-L2
./lisp/.stack-work/ghci/56e6cd28/cabal_macros.h:130: MINOR:C-L3
./lisp/.stack-work/ghci/56e6cd28/cabal_macros.h:131: MINOR:C-G6
./lisp/.stack-work/ghci/56e6cd28/cabal_macros.h:131: MINOR:C-L2
./lisp/.stack-work/ghci/56e6cd28/cabal_macros.h:131: MINOR:C-L3
./lisp/.stack-work/ghci/56e6cd28/cabal_macros.h:132: MINOR:C-L2
./lisp/.stack-work/ghci/56e6cd28/cabal_macros.h:136: MINOR:C-G3
./lisp/.stack-work/ghci/56e6cd28/cabal_macros.h:139: MINOR:C-G3
./lisp/.stack-work/ghci/56e6cd28/cabal_macros.h:139: MINOR:C-G6
./lisp/.stack-work/ghci/56e6cd28/cabal_macros.h:139: MAJOR:C-H3
./lisp/.stack-work/ghci/56e6cd28/cabal_macros.h:139: MINOR:C-L3
./lisp/.stack-work/ghci/56e6cd28/cabal_macros.h:140: MINOR:C-G6
./lisp/.stack-work/ghci/56e6cd28/cabal_macros.h:140: MINOR:C-L2
./lisp/.stack-work/ghci/56e6cd28/cabal_macros.h:140: MINOR:C-L3
./lisp/.stack-work/ghci/56e6cd28/cabal_macros.h:141: MINOR:C-G6
./lisp/.stack-work/ghci/56e6cd28/cabal_macros.h:141: MINOR:C-L2
./lisp/.stack-work/ghci/56e6cd28/cabal_macros.h:141: MINOR:C-L3
./lisp/.stack-work/ghci/56e6cd28/cabal_macros.h:142: MINOR:C-L2
./lisp/.stack-work/ghci/56e6cd28/cabal_macros.h:146: MINOR:C-G3
./lisp/.stack-work/ghci/56e6cd28/cabal_macros.h:149: MINOR:C-G3
./lisp/.stack-work/ghci/56e6cd28/cabal_macros.h:149: MINOR:C-G6
./lisp/.stack-work/ghci/56e6cd28/cabal_macros.h:149: MAJOR:C-H3
./lisp/.stack-work/ghci/56e6cd28/cabal_macros.h:149: MINOR:C-L3
./lisp/.stack-work/ghci/56e6cd28/cabal_macros.h:150: MINOR:C-G6
./lisp/.stack-work/ghci/56e6cd28/cabal_macros.h:150: MINOR:C-L2
./lisp/.stack-work/ghci/56e6cd28/cabal_macros.h:150: MINOR:C-L3
./lisp/.stack-work/ghci/56e6cd28/cabal_macros.h:151: MINOR:C-G6
./lisp/.stack-work/ghci/56e6cd28/cabal_macros.h:151: MINOR:C-L2
./lisp/.stack-work/ghci/56e6cd28/cabal_macros.h:151: MINOR:C-L3
./lisp/.stack-work/ghci/56e6cd28/cabal_macros.h:152: MINOR:C-L2
./lisp/.stack-work/ghci/56e6cd28/cabal_macros.h:156: MINOR:C-G3
./lisp/.stack-work/ghci/56e6cd28/cabal_macros.h:159: MINOR:C-G3
./lisp/.stack-work/ghci/56e6cd28/cabal_macros.h:162: MINOR:C-G3
./lisp/.stack-work/install/x86_64-linux/0916c85c59ecc6382b16e5c76a783e8c666d6186e8ab640552b1ba2974c55a1a/9.10.2/bin/glados-exe:1: MAJOR:C-O1
./lisp/.stack-work/install/x86_64-linux/0916c85c59ecc6382b16e5c76a783e8c666d6186e8ab640552b1ba2974c55a1a/9.10.2/lib/x86_64-linux-ghc-9.10.2-d434/glados-0.1.0.0-2RDZx56k3Dp47ft96OASD8/libHSglados-0.1.0.0-2RDZx56k3Dp47ft96OASD8.a:1: MAJOR:C-O1
./lisp/.stack-work/install/x86_64-linux/0916c85c59ecc6382b16e5c76a783e8c666d6186e8ab640552b1ba2974c55a1a/9.10.2/lib/x86_64-linux-ghc-9.10.2-d434/libHSglados-0.1.0.0-2RDZx56k3Dp47ft96OASD8-ghc9.10.2.so:1: MAJOR:C-O1
./fcc_src/src/ByteCode/AsmToBytecode.hs:37: MINOR:H-F3 # too long line
./fcc_src/src/DataStruct/Asm.hs:91: MINOR:H-F4 # too long function
